Component: ARM Compiler 5.06 update 6 (build 750) Tool: armlink [4d35ed]

==============================================================================

Section Cross References

    startup_stm32f746xx.o(RESET) refers to startup_stm32f746xx.o(STACK) for __initial_sp
    startup_stm32f746xx.o(RESET) refers to startup_stm32f746xx.o(.text) for Reset_Handler
    startup_stm32f746xx.o(RESET) refers to stm32f7xx_it.o(i.NMI_Handler) for NMI_Handler
    startup_stm32f746xx.o(RESET) refers to stm32f7xx_it.o(i.HardFault_Handler) for HardFault_Handler
    startup_stm32f746xx.o(RESET) refers to stm32f7xx_it.o(i.MemManage_Handler) for MemManage_Handler
    startup_stm32f746xx.o(RESET) refers to stm32f7xx_it.o(i.BusFault_Handler) for BusFault_Handler
    startup_stm32f746xx.o(RESET) refers to stm32f7xx_it.o(i.UsageFault_Handler) for UsageFault_Handler
    startup_stm32f746xx.o(RESET) refers to stm32f7xx_it.o(i.SVC_Handler) for SVC_Handler
    startup_stm32f746xx.o(RESET) refers to stm32f7xx_it.o(i.DebugMon_Handler) for DebugMon_Handler
    startup_stm32f746xx.o(RESET) refers to stm32f7xx_it.o(i.PendSV_Handler) for PendSV_Handler
    startup_stm32f746xx.o(RESET) refers to stm32f7xx_it.o(i.TIM6_DAC_IRQHandler) for TIM6_DAC_IRQHandler
    startup_stm32f746xx.o(RESET) refers to stm32f7xx_it.o(i.OTG_FS_IRQHandler) for OTG_FS_IRQHandler
    startup_stm32f746xx.o(RESET) refers to stm32f7xx_it.o(i.LTDC_IRQHandler) for LTDC_IRQHandler
    startup_stm32f746xx.o(RESET) refers to stm32f7xx_it.o(i.DMA2D_IRQHandler) for DMA2D_IRQHandler
    startup_stm32f746xx.o(.text) refers to system_stm32f7xx.o(i.SystemInit) for SystemInit
    startup_stm32f746xx.o(.text) refers to entry.o(.ARM.Collect$$$$00000000) for __main
    network.o(i.ai_network_create) refers to ai_platform_interface.o(i.ai_platform_network_create) for ai_platform_network_create
    network.o(i.ai_network_create) refers to network.o(.data) for .data
    network.o(i.ai_network_destroy) refers to ai_platform_interface.o(i.ai_platform_network_destroy) for ai_platform_network_destroy
    network.o(i.ai_network_forward) refers to ai_platform_interface.o(i.ai_platform_network_process) for ai_platform_network_process
    network.o(i.ai_network_get_error) refers to ai_platform_interface.o(i.ai_platform_network_get_error) for ai_platform_network_get_error
    network.o(i.ai_network_get_info) refers to ai_platform_interface.o(i.ai_platform_context_acquire) for ai_platform_context_acquire
    network.o(i.ai_network_get_info) refers to memcpya.o(.text) for __aeabi_memcpy4
    network.o(i.ai_network_get_info) refers to ai_platform_interface.o(i.ai_platform_runtime_get_revision) for ai_platform_runtime_get_revision
    network.o(i.ai_network_get_info) refers to ai_platform_interface.o(i.ai_platform_runtime_get_version) for ai_platform_runtime_get_version
    network.o(i.ai_network_get_info) refers to ai_platform_interface.o(i.ai_platform_api_get_version) for ai_platform_api_get_version
    network.o(i.ai_network_get_info) refers to ai_platform_interface.o(i.ai_platform_interface_api_get_version) for ai_platform_interface_api_get_version
    network.o(i.ai_network_get_info) refers to ai_platform_interface.o(i.ai_platform_api_get_network_report) for ai_platform_api_get_network_report
    network.o(i.ai_network_get_info) refers to network.o(.constdata) for .constdata
    network.o(i.ai_network_init) refers to ai_platform_interface.o(i.ai_platform_network_init) for ai_platform_network_init
    network.o(i.ai_network_init) refers to network.o(i.network_configure_weights) for network_configure_weights
    network.o(i.ai_network_init) refers to network.o(.data) for .data
    network.o(i.ai_network_run) refers to ai_platform_interface.o(i.ai_platform_network_process) for ai_platform_network_process
    network.o(i.network_configure_weights) refers to network.o(.data) for .data
    network.o(.constdata) refers to network.o(.data) for <Data33>
    network.o(.constdata) refers to network.o(.data) for <Data38>
    network.o(.constdata) refers to network.o(.data) for <Data43>
    network.o(.constdata) refers to network.o(.data) for <Data48>
    network.o(.constdata) refers to network.o(.data) for <Data53>
    network.o(.constdata) refers to network.o(.data) for <Data58>
    network.o(.constdata) refers to network.o(.conststring) for .conststring
    network.o(.data) refers to network.o(.data) for input_0_output0
    network.o(.data) refers to network.o(.data) for dense_1_output
    network.o(.data) refers to network.o(.data) for dense_1_weights
    network.o(.data) refers to network.o(.data) for dense_1_bias
    network.o(.data) refers to network.o(.data) for <Data29>
    network.o(.data) refers to network.o(.data) for <Data30>
    network.o(.data) refers to network.o(.data) for <Data31>
    network.o(.data) refers to network.o(.data) for <Data32>
    network.o(.data) refers to network.o(.data) for dense_1_output
    network.o(.data) refers to network.o(.data) for dense_1_nl_output
[...]
    __stdout                                 0x200007a4   Data           4  stdout.o(.data)
    __microlib_freelist                      0x200007a8   Data           4  mvars.o(.data)
    __microlib_freelist_initialised          0x200007ac   Data           4  mvars.o(.data)
    hadc3                                    0x2000146c   Data          72  main.o(.bss)
    hcrc                                     0x200014b4   Data          36  main.o(.bss)
    hdcmi                                    0x200014d8   Data          80  main.o(.bss)
    hdma2d                                   0x20001528   Data          64  main.o(.bss)
    hi2c1                                    0x20001568   Data          76  main.o(.bss)
    hi2c3                                    0x200015b4   Data          76  main.o(.bss)
    hltdc                                    0x20001600   Data         168  main.o(.bss)
    hqspi                                    0x200016a8   Data          76  main.o(.bss)
    hrtc                                     0x200016f4   Data          32  main.o(.bss)
    hsai_BlockA2                             0x20001714   Data         132  main.o(.bss)
    hsai_BlockB2                             0x20001798   Data         132  main.o(.bss)
    hsd1                                     0x2000181c   Data         132  main.o(.bss)
    hspdif                                   0x200018a0   Data          76  main.o(.bss)
    hspi2                                    0x200018ec   Data         100  main.o(.bss)
    htim1                                    0x20001950   Data          64  main.o(.bss)
    htim2                                    0x20001990   Data          64  main.o(.bss)
    htim3                                    0x200019d0   Data          64  main.o(.bss)
    htim5                                    0x20001a10   Data          64  main.o(.bss)
    htim8                                    0x20001a50   Data          64  main.o(.bss)
    htim12                                   0x20001a90   Data          64  main.o(.bss)
    huart1                                   0x20001ad0   Data         128  main.o(.bss)
    huart6                                   0x20001b50   Data         128  main.o(.bss)
    hhcd_USB_OTG_FS                          0x20001bd0   Data         708  main.o(.bss)
    hsdram1                                  0x20001e94   Data          52  main.o(.bss)
    a                                        0x20001ec8   Data          44  main.o(.bss)
    htim6                                    0x2000212c   Data          64  stm32f7xx_hal_timebase_tim.o(.bss)
    hLtdcHandler                             0x200034a4   Data         168  stm32746g_discovery_lcd.o(.bss)
    sdramHandle                              0x20003664   Data          52  stm32746g_discovery_sdram.o(.bss)
    __heap_base                              0x20003710   Data           0  startup_stm32f746xx.o(HEAP)
    __heap_limit                             0x20003f10   Data           0  startup_stm32f746xx.o(HEAP)
    __initial_sp                             0x20004710   Data           0  startup_stm32f746xx.o(STACK)



==============================================================================

Memory Map of the image

  Image Entry point : 0x080001c9

  Load Region LR_IROM1 (Base: 0x08000000, Size: 0x00052a18, Max: 0x00100000, ABSOLUTE, COMPRESSED[0x000524e0])

    Execution Region ER_IROM1 (Exec base: 0x08000000, Load base: 0x08000000, Size: 0x00052264, Max: 0x00100000, ABSOLUTE)

    Exec Addr    Load Addr    Size         Type   Attr      Idx    E Section Name        Object

    0x08000000   0x08000000   0x000001c8   Data   RO            3    RESET               startup_stm32f746xx.o
    0x080001c8   0x080001c8   0x00000000   Code   RO        10679  * .ARM.Collect$$$$00000000  mc_w.l(entry.o)
    0x080001c8   0x080001c8   0x00000004   Code   RO        11035    .ARM.Collect$$$$00000001  mc_w.l(entry2.o)
    0x080001cc   0x080001cc   0x00000004   Code   RO        11038    .ARM.Collect$$$$00000004  mc_w.l(entry5.o)
    0x080001d0   0x080001d0   0x00000000   Code   RO        11040    .ARM.Collect$$$$00000008  mc_w.l(entry7b.o)
    0x080001d0   0x080001d0   0x00000000   Code   RO        11042    .ARM.Collect$$$$0000000A  mc_w.l(entry8b.o)
    0x080001d0   0x080001d0   0x00000008   Code   RO        11043    .ARM.Collect$$$$0000000B  mc_w.l(entry9a.o)
    0x080001d8   0x080001d8   0x00000000   Code   RO        11045    .ARM.Collect$$$$0000000D  mc_w.l(entry10a.o)
    0x080001d8   0x080001d8   0x00000000   Code   RO        11047    .ARM.Collect$$$$0000000F  mc_w.l(entry11a.o)
    0x080001d8   0x080001d8   0x00000004   Code   RO        11036    .ARM.Collect$$$$00002712  mc_w.l(entry2.o)
    0x080001dc   0x080001dc   0x00000024   Code   RO            4    .text               startup_stm32f746xx.o
    0x08000200   0x08000200   0x00000062   Code   RO        10682    .text               mc_w.l(uldiv.o)
    0x08000262   0x08000262   0x0000001e   Code   RO        10684    .text               mc_w.l(llshl.o)
    0x08000280   0x08000280   0x00000024   Code   RO        10686    .text               mc_w.l(memcpya.o)
    0x080002a4   0x080002a4   0x00000024   Code   RO        10688    .text               mc_w.l(memseta.o)
    0x080002c8   0x080002c8   0x0000000e   Code   RO        10690    .text               mc_w.l(strlen.o)
    0x080002d6   0x080002d6   0x0000001a   Code   RO        10692    .text               mc_w.l(memcmp.o)
    0x080002f0   0x080002f0   0x0000001e   Code   RO        10694    .text               mc_w.l(strncmp.o)
    0x0800030e   0x0800030e   0x0000001c   Code   RO        10987    .text               mf_w.l(ffltul.o)
    0x0800032a   0x0800032a   0x00000026   Code   RO        10989    .text               mf_w.l(f2d.o)
    0x08000350   0x08000350   0x0000002c   Code   RO        11050    .text               mc_w.l(uidiv.o)
    0x0800037c   0x0800037c   0x00000020   Code   RO        11052    .text               mc_w.l(llushr.o)
    0x0800039c   0x0800039c   0x00000000   Code   RO        11063    .text               mc_w.l(iusefp.o)
    0x0800039c   0x0800039c   0x0000006e   Code   RO        11064    .text               mf_w.l(fepilogue.o)
    0x0800040a   0x0800040a   0x0000014e   Code   RO        11070    .text               mf_w.l(dadd.o)
    0x08000558   0x08000558   0x000000e4   Code   RO        11072    .text               mf_w.l(dmul.o)
    0x0800063c   0x0800063c   0x000000de   Code   RO        11074    .text               mf_w.l(ddiv.o)
    0x0800071a   0x0800071a   0x00000030   Code   RO        11076    .text               mf_w.l(dfixul.o)
    0x0800074a   0x0800074a   0x00000002   PAD
    0x0800074c   0x0800074c   0x00000030   Code   RO        11078    .text               mf_w.l(cdrcmple.o)
    0x0800077c   0x0800077c   0x00000024   Code   RO        11082    .text               mc_w.l(init.o)
    0x080007a0   0x080007a0   0x00000024   Code   RO        11084    .text               mc_w.l(llsshr.o)
    0x080007c4   0x080007c4   0x000000ba   Code   RO        11086    .text               mf_w.l(depilogue.o)
    0x0800087e   0x0800087e   0x00000056   Code   RO        11096    .text               mc_w.l(__dczerorl2.o)
    0x080008d4   0x080008d4   0x00000138   Code   RO         1161    i.ADC_Init          stm32f7xx_hal_adc.o
    0x08000a0c   0x08000a0c   0x00000038   Code   RO         9425    i.BSP_LCD_Clear     stm32746g_discovery_lcd.o
    0x08000a44   0x08000a44   0x00000020   Code   RO         9427    i.BSP_LCD_ClockConfig  stm32746g_discovery_lcd.o
    0x08000a64   0x08000a64   0x00000034   Code   RO         9429    i.BSP_LCD_DisplayChar  stm32746g_discovery_lcd.o
    0x08000a98   0x08000a98   0x00000034   Code   RO         9431    i.BSP_LCD_DisplayOn  stm32746g_discovery_lcd.o
    0x08000acc   0x08000acc   0x000000c8   Code   RO         9432    i.BSP_LCD_DisplayStringAt  stm32746g_discovery_lcd.o
    0x08000b94   0x08000b94   0x00000118   Code   RO         9435    i.BSP_LCD_DrawCircle  stm32746g_discovery_lcd.o
    0x08000cac   0x08000cac   0x0000007c   Code   RO         9437    i.BSP_LCD_DrawHLine  stm32746g_discovery_lcd.o
    0x08000d28   0x08000d28   0x00000064   Code   RO         9439    i.BSP_LCD_DrawPixel  stm32746g_discovery_lcd.o
    0x08000d8c   0x08000d8c   0x00000036   Code   RO         9441    i.BSP_LCD_DrawRect  stm32746g_discovery_lcd.o
    0x08000dc2   0x08000dc2   0x00000002   PAD
    0x08000dc4   0x08000dc4   0x00000088   Code   RO         9442    i.BSP_LCD_DrawVLine  stm32746g_discovery_lcd.o
    0x08000e4c   0x08000e4c   0x000000c4   Code   RO         9443    i.BSP_LCD_FillCircle  stm32746g_discovery_lcd.o
    0x08000f10   0x08000f10   0x00000020   Code   RO         9450    i.BSP_LCD_GetXSize  stm32746g_discovery_lcd.o
    0x08000f30   0x08000f30   0x00000020   Code   RO         9451    i.BSP_LCD_GetYSize  stm32746g_discovery_lcd.o
    0x08000f50   0x08000f50   0x000000a4   Code   RO         9452    i.BSP_LCD_Init      stm32746g_discovery_lcd.o
    0x08000ff4   0x08000ff4   0x00000078   Code   RO         9453    i.BSP_LCD_LayerDefaultInit  stm32746g_discovery_lcd.o
    0x0800106c   0x0800106c   0x00000138   Code   RO         9456    i.BSP_LCD_MspInit   stm32746g_discovery_lcd.o
    0x080011a4   0x080011a4   0x0000000c   Code   RO         9461    i.BSP_LCD_SelectLayer  stm32746g_discovery_lcd.o
    0x080011b0   0x080011b0   0x0000001c   Code   RO         9462    i.BSP_LCD_SetBackColor  stm32746g_discovery_lcd.o
    0x080011cc   0x080011cc   0x0000001c   Code   RO         9465    i.BSP_LCD_SetFont   stm32746g_discovery_lcd.o
    0x080011e8   0x080011e8   0x00000018   Code   RO         9472    i.BSP_LCD_SetTextColor  stm32746g_discovery_lcd.o
    0x08001200   0x08001200   0x00000078   Code   RO         9807    i.BSP_SDRAM_Init    stm32746g_discovery_sdram.o
    0x08001278   0x08001278   0x0000008c   Code   RO         9808    i.BSP_SDRAM_Initialization_sequence  stm32746g_discovery_sdram.o
    0x08001304   0x08001304   0x00000168   Code   RO         9810    i.BSP_SDRAM_MspInit  stm32746g_discovery_sdram.o
    0x0800146c   0x0800146c   0x00000170   Code   RO         9889    i.BSP_TS_GetState   stm32746g_discovery_ts.o
    0x080015dc   0x080015dc   0x0000005c   Code   RO         9890    i.BSP_TS_Get_GestureId  stm32746g_discovery_ts.o
    0x08001638   0x08001638   0x0000003c   Code   RO         9894    i.BSP_TS_Init       stm32746g_discovery_ts.o
    0x08001674   0x08001674   0x00000002   Code   RO          770    i.BusFault_Handler  stm32f7xx_it.o
    0x08001676   0x08001676   0x00000002   PAD
    0x08001678   0x08001678   0x000000a0   Code   RO        10047    i.CRC_Lock          NetworkRuntime410_CM7_Keil.lib(ai_platform_interface.o)
    0x08001718   0x08001718   0x0000000c   Code   RO          771    i.DMA2D_IRQHandler  stm32f7xx_it.o
    0x08001724   0x08001724   0x00000092   Code   RO         3358    i.DMA2D_SetConfig   stm32f7xx_hal_dma2d.o
    0x080017b6   0x080017b6   0x00000002   PAD
    0x080017b8   0x080017b8   0x00000028   Code   RO         1843    i.DMA_CalcBaseAndBitshift  stm32f7xx_hal_dma.o
    0x080017e0   0x080017e0   0x00000054   Code   RO         1844    i.DMA_CheckFifoParam  stm32f7xx_hal_dma.o
    0x08001834   0x08001834   0x00000002   Code   RO          772    i.DebugMon_Handler  stm32f7xx_it.o
    0x08001836   0x08001836   0x00000002   PAD
    0x08001838   0x08001838   0x000000b0   Code   RO         9477    i.DrawChar          stm32746g_discovery_lcd.o
    0x080018e8   0x080018e8   0x0000005e   Code   RO         3570    i.FMC_SDRAM_Init    stm32f7xx_ll_fmc.o
    0x08001946   0x08001946   0x0000000c   Code   RO         3571    i.FMC_SDRAM_ProgramRefreshRate  stm32f7xx_ll_fmc.o
    0x08001952   0x08001952   0x00000020   Code   RO         3572    i.FMC_SDRAM_SendCommand  stm32f7xx_ll_fmc.o
    0x08001972   0x08001972   0x00000002   PAD
    0x08001974   0x08001974   0x0000008c   Code   RO         3574    i.FMC_SDRAM_Timing_Init  stm32f7xx_ll_fmc.o
    0x08001a00   0x08001a00   0x00000164   Code   RO         1163    i.HAL_ADC_ConfigChannel  stm32f7xx_hal_adc.o
    0x08001b64   0x08001b64   0x00000054   Code   RO         1172    i.HAL_ADC_Init      stm32f7xx_hal_adc.o
    0x08001bb8   0x08001bb8   0x00000088   Code   RO          865    i.HAL_ADC_MspInit   stm32f7xx_hal_msp.o
    0x08001c40   0x08001c40   0x0000004e   Code   RO         3170    i.HAL_CRCEx_Polynomial_Set  stm32f7xx_hal_crc_ex.o
    0x08001c8e   0x08001c8e   0x00000002   PAD
    0x08001c90   0x08001c90   0x00000078   Code   RO         3104    i.HAL_CRC_Init      stm32f7xx_hal_crc.o
    0x08001d08   0x08001d08   0x00000028   Code   RO          867    i.HAL_CRC_MspInit   stm32f7xx_hal_msp.o
    0x08001d30   0x08001d30   0x0000008c   Code   RO         3215    i.HAL_DCMI_Init     stm32f7xx_hal_dcmi.o
    0x08001dbc   0x08001dbc   0x00000108   Code   RO          869    i.HAL_DCMI_MspInit  stm32f7xx_hal_msp.o
    0x08001ec4   0x08001ec4   0x00000002   Code   RO         3364    i.HAL_DMA2D_CLUTLoadingCpltCallback  stm32f7xx_hal_dma2d.o
    0x08001ec6   0x08001ec6   0x00000002   PAD
    0x08001ec8   0x08001ec8   0x000000a0   Code   RO         3370    i.HAL_DMA2D_ConfigLayer  stm32f7xx_hal_dma2d.o
    0x08001f68   0x08001f68   0x0000011c   Code   RO         3377    i.HAL_DMA2D_IRQHandler  stm32f7xx_hal_dma2d.o
    0x08002084   0x08002084   0x0000005a   Code   RO         3378    i.HAL_DMA2D_Init    stm32f7xx_hal_dma2d.o
    0x080020de   0x080020de   0x00000002   Code   RO         3379    i.HAL_DMA2D_LineEventCallback  stm32f7xx_hal_dma2d.o
    0x080020e0   0x080020e0   0x0000003c   Code   RO          871    i.HAL_DMA2D_MspInit  stm32f7xx_hal_msp.o
    0x0800211c   0x0800211c   0x0000010e   Code   RO         3382    i.HAL_DMA2D_PollForTransfer  stm32f7xx_hal_dma2d.o
    0x0800222a   0x0800222a   0x00000034   Code   RO         3385    i.HAL_DMA2D_Start   stm32f7xx_hal_dma2d.o
    0x0800225e   0x0800225e   0x00000062   Code   RO         1848    i.HAL_DMA_DeInit    stm32f7xx_hal_dma.o
    0x080022c0   0x080022c0   0x000000e4   Code   RO         1852    i.HAL_DMA_Init      stm32f7xx_hal_dma.o
    0x080023a4   0x080023a4   0x00000024   Code   RO         2348    i.HAL_Delay         stm32f7xx_hal.o
    0x080023c8   0x080023c8   0x000000b4   Code   RO          872    i.HAL_FMC_MspInit   stm32f7xx_hal_msp.o
    0x0800247c   0x0800247c   0x00000184   Code   RO         1777    i.HAL_GPIO_DeInit   stm32f7xx_hal_gpio.o
    0x08002600   0x08002600   0x000001d8   Code   RO         1780    i.HAL_GPIO_Init     stm32f7xx_hal_gpio.o
    0x080027d8   0x080027d8   0x0000000a   Code   RO         1784    i.HAL_GPIO_WritePin  stm32f7xx_hal_gpio.o
    0x080027e2   0x080027e2   0x00000002   PAD
    0x080027e4   0x080027e4   0x00000010   Code   RO         2353    i.HAL_GetDEVID      stm32f7xx_hal.o
    0x080027f4   0x080027f4   0x00000008   Code   RO         2354    i.HAL_GetHalVersion  stm32f7xx_hal.o
    0x080027fc   0x080027fc   0x0000000c   Code   RO         2355    i.HAL_GetREVID      stm32f7xx_hal.o
    0x08002808   0x08002808   0x0000000c   Code   RO         2356    i.HAL_GetTick       stm32f7xx_hal.o
    0x08002814   0x08002814   0x00000002   Code   RO         7424    i.HAL_HCD_Connect_Callback  stm32f7xx_hal_hcd.o
    0x08002816   0x08002816   0x00000002   Code   RO         7426    i.HAL_HCD_Disconnect_Callback  stm32f7xx_hal_hcd.o
    0x08002818   0x08002818   0x00000002   Code   RO         7435    i.HAL_HCD_HC_NotifyURBChange_Callback  stm32f7xx_hal_hcd.o
    0x0800281a   0x0800281a   0x00000002   PAD
    0x0800281c   0x0800281c   0x00000132   Code   RO         7437    i.HAL_HCD_IRQHandler  stm32f7xx_hal_hcd.o
    0x0800294e   0x0800294e   0x00000068   Code   RO         7438    i.HAL_HCD_Init      stm32f7xx_hal_hcd.o
    0x080029b6   0x080029b6   0x00000002   PAD
    0x080029b8   0x080029b8   0x00000084   Code   RO          874    i.HAL_HCD_MspInit   stm32f7xx_hal_msp.o
    0x08002a3c   0x08002a3c   0x00000002   Code   RO         7441    i.HAL_HCD_PortDisabled_Callback  stm32f7xx_hal_hcd.o
    0x08002a3e   0x08002a3e   0x00000002   Code   RO         7442    i.HAL_HCD_PortEnabled_Callback  stm32f7xx_hal_hcd.o
    0x08002a40   0x08002a40   0x00000002   Code   RO         7444    i.HAL_HCD_SOF_Callback  stm32f7xx_hal_hcd.o
    0x08002a42   0x08002a42   0x00000058   Code   RO         2996    i.HAL_I2CEx_ConfigAnalogFilter  stm32f7xx_hal_i2c_ex.o
    0x08002a9a   0x08002a9a   0x00000054   Code   RO         2997    i.HAL_I2CEx_ConfigDigitalFilter  stm32f7xx_hal_i2c_ex.o
    0x08002aee   0x08002aee   0x00000034   Code   RO         2541    i.HAL_I2C_DeInit    stm32f7xx_hal_i2c.o
    0x08002b22   0x08002b22   0x00000006   Code   RO         2549    i.HAL_I2C_GetState  stm32f7xx_hal_i2c.o
    0x08002b28   0x08002b28   0x000000b8   Code   RO         2550    i.HAL_I2C_Init      stm32f7xx_hal_i2c.o
    0x08002be0   0x08002be0   0x00000164   Code   RO         2568    i.HAL_I2C_Mem_Read  stm32f7xx_hal_i2c.o
    0x08002d44   0x08002d44   0x00000158   Code   RO         2571    i.HAL_I2C_Mem_Write  stm32f7xx_hal_i2c.o
    0x08002e9c   0x08002e9c   0x00000048   Code   RO          875    i.HAL_I2C_MspDeInit  stm32f7xx_hal_msp.o
    0x08002ee4   0x08002ee4   0x000000b0   Code   RO          876    i.HAL_I2C_MspInit   stm32f7xx_hal_msp.o
    0x08002f94   0x08002f94   0x00000010   Code   RO         2362    i.HAL_IncTick       stm32f7xx_hal.o
    0x08002fa4   0x08002fa4   0x00000016   Code   RO         2363    i.HAL_Init          stm32f7xx_hal.o
    0x08002fba   0x08002fba   0x00000002   PAD
    0x08002fbc   0x08002fbc   0x00000074   Code   RO         1105    i.HAL_InitTick      stm32f7xx_hal_timebase_tim.o
    0x08003030   0x08003030   0x00000052   Code   RO         3864    i.HAL_LTDC_ConfigLayer  stm32f7xx_hal_ltdc.o
    0x08003082   0x08003082   0x00000002   Code   RO         3877    i.HAL_LTDC_ErrorCallback  stm32f7xx_hal_ltdc.o
    0x08003084   0x08003084   0x00000006   Code   RO         3879    i.HAL_LTDC_GetState  stm32f7xx_hal_ltdc.o
    0x0800308a   0x0800308a   0x000000c8   Code   RO         3880    i.HAL_LTDC_IRQHandler  stm32f7xx_hal_ltdc.o
    0x08003152   0x08003152   0x00000002   PAD
    0x08003154   0x08003154   0x000000f8   Code   RO         3881    i.HAL_LTDC_Init     stm32f7xx_hal_ltdc.o
    0x0800324c   0x0800324c   0x00000002   Code   RO         3882    i.HAL_LTDC_LineEventCallback  stm32f7xx_hal_ltdc.o
    0x0800324e   0x0800324e   0x00000002   PAD
    0x08003250   0x08003250   0x0000011c   Code   RO          878    i.HAL_LTDC_MspInit  stm32f7xx_hal_msp.o
    0x0800336c   0x0800336c   0x00000002   Code   RO         3887    i.HAL_LTDC_ReloadEventCallback  stm32f7xx_hal_ltdc.o
    0x0800336e   0x0800336e   0x00000002   PAD
    0x08003370   0x08003370   0x00000030   Code   RO          879    i.HAL_MspInit       stm32f7xx_hal_msp.o
    0x080033a0   0x080033a0   0x0000001a   Code   RO         2211    i.HAL_NVIC_EnableIRQ  stm32f7xx_hal_cortex.o
    0x080033ba   0x080033ba   0x00000002   PAD
    0x080033bc   0x080033bc   0x00000040   Code   RO         2217    i.HAL_NVIC_SetPriority  stm32f7xx_hal_cortex.o
    0x080033fc   0x080033fc   0x00000024   Code   RO         2218    i.HAL_NVIC_SetPriorityGrouping  stm32f7xx_hal_cortex.o
    0x08003420   0x08003420   0x0000006c   Code   RO         2120    i.HAL_PWREx_EnableOverDrive  stm32f7xx_hal_pwr_ex.o
    0x0800348c   0x0800348c   0x00000010   Code   RO         1997    i.HAL_PWR_EnableBkUpAccess  stm32f7xx_hal_pwr.o
    0x0800349c   0x0800349c   0x000000c0   Code   RO         4169    i.HAL_QSPI_Init     stm32f7xx_hal_qspi.o
    0x0800355c   0x0800355c   0x000000d4   Code   RO          881    i.HAL_QSPI_MspInit  stm32f7xx_hal_msp.o
    0x08003630   0x08003630   0x00000120   Code   RO         1540    i.HAL_RCCEx_GetPeriphCLKFreq  stm32f7xx_hal_rcc_ex.o
    0x08003750   0x08003750   0x000004fc   Code   RO         1541    i.HAL_RCCEx_PeriphCLKConfig  stm32f7xx_hal_rcc_ex.o
    0x08003c4c   0x08003c4c   0x0000012c   Code   RO         1434    i.HAL_RCC_ClockConfig  stm32f7xx_hal_rcc.o
    0x08003d78   0x08003d78   0x00000040   Code   RO         1438    i.HAL_RCC_GetClockConfig  stm32f7xx_hal_rcc.o
    0x08003db8   0x08003db8   0x0000000c   Code   RO         1439    i.HAL_RCC_GetHCLKFreq  stm32f7xx_hal_rcc.o
    0x08003dc4   0x08003dc4   0x00000020   Code   RO         1441    i.HAL_RCC_GetPCLK1Freq  stm32f7xx_hal_rcc.o
    0x08003de4   0x08003de4   0x00000020   Code   RO         1442    i.HAL_RCC_GetPCLK2Freq  stm32f7xx_hal_rcc.o
    0x08003e04   0x08003e04   0x00000064   Code   RO         1443    i.HAL_RCC_GetSysClockFreq  stm32f7xx_hal_rcc.o
    0x08003e68   0x08003e68   0x00000338   Code   RO         1446    i.HAL_RCC_OscConfig  stm32f7xx_hal_rcc.o
    0x080041a0   0x080041a0   0x0000005a   Code   RO         4573    i.HAL_RTCEx_SetTimeStamp  stm32f7xx_hal_rtc_ex.o
    0x080041fa   0x080041fa   0x00000002   PAD
    0x080041fc   0x080041fc   0x000000a0   Code   RO         4418    i.HAL_RTC_Init      stm32f7xx_hal_rtc.o
    0x0800429c   0x0800429c   0x0000001c   Code   RO          883    i.HAL_RTC_MspInit   stm32f7xx_hal_msp.o
    0x080042b8   0x080042b8   0x0000016a   Code   RO         4422    i.HAL_RTC_SetAlarm  stm32f7xx_hal_rtc.o
    0x08004422   0x08004422   0x00000002   PAD
    0x08004424   0x08004424   0x000000cc   Code   RO         4424    i.HAL_RTC_SetDate   stm32f7xx_hal_rtc.o
    0x080044f0   0x080044f0   0x000000ec   Code   RO         4425    i.HAL_RTC_SetTime   stm32f7xx_hal_rtc.o
    0x080045dc   0x080045dc   0x00000036   Code   RO         4426    i.HAL_RTC_WaitForSynchro  stm32f7xx_hal_rtc.o
    0x08004612   0x08004612   0x00000002   PAD
    0x08004614   0x08004614   0x000001e8   Code   RO         4800    i.HAL_SAI_Init      stm32f7xx_hal_sai.o
    0x080047fc   0x080047fc   0x0000009c   Code   RO          885    i.HAL_SAI_MspInit   stm32f7xx_hal_msp.o
    0x08004898   0x08004898   0x00000042   Code   RO         3711    i.HAL_SDRAM_Init    stm32f7xx_hal_sdram.o
    0x080048da   0x080048da   0x00000004   Code   RO          887    i.HAL_SDRAM_MspInit  stm32f7xx_hal_msp.o
    0x080048de   0x080048de   0x00000022   Code   RO         3714    i.HAL_SDRAM_ProgramRefreshRate  stm32f7xx_hal_sdram.o
    0x08004900   0x08004900   0x00000030   Code   RO         3720    i.HAL_SDRAM_SendCommand  stm32f7xx_hal_sdram.o
    0x08004930   0x08004930   0x00000078   Code   RO         5337    i.HAL_SD_ConfigWideBusOperation  stm32f7xx_hal_sd.o
    0x080049a8   0x080049a8   0x000001fa   Code   RO         5342    i.HAL_SD_GetCardCSD  stm32f7xx_hal_sd.o
    0x08004ba2   0x08004ba2   0x00000036   Code   RO         5349    i.HAL_SD_Init       stm32f7xx_hal_sd.o
    0x08004bd8   0x08004bd8   0x0000005c   Code   RO         5350    i.HAL_SD_InitCard   stm32f7xx_hal_sd.o
    0x08004c34   0x08004c34   0x00000088   Code   RO          889    i.HAL_SD_MspInit    stm32f7xx_hal_msp.o
    0x08004cbc   0x08004cbc   0x00000074   Code   RO         5577    i.HAL_SPDIFRX_Init  stm32f7xx_hal_spdifrx.o
    0x08004d30   0x08004d30   0x00000064   Code   RO          891    i.HAL_SPDIFRX_MspInit  stm32f7xx_hal_msp.o
    0x08004d94   0x08004d94   0x000000c4   Code   RO         5748    i.HAL_SPI_Init      stm32f7xx_hal_spi.o
    0x08004e58   0x08004e58   0x00000090   Code   RO          893    i.HAL_SPI_MspInit   stm32f7xx_hal_msp.o
    0x08004ee8   0x08004ee8   0x00000002   Code   RO         6775    i.HAL_TIMEx_Break2Callback  stm32f7xx_hal_tim_ex.o
    0x08004eea   0x08004eea   0x00000002   Code   RO         6776    i.HAL_TIMEx_BreakCallback  stm32f7xx_hal_tim_ex.o
    0x08004eec   0x08004eec   0x00000002   Code   RO         6777    i.HAL_TIMEx_CommutCallback  stm32f7xx_hal_tim_ex.o
    0x08004eee   0x08004eee   0x00000002   PAD
    0x08004ef0   0x08004ef0   0x000000a0   Code   RO         6779    i.HAL_TIMEx_ConfigBreakDeadTime  stm32f7xx_hal_tim_ex.o
    0x08004f90   0x08004f90   0x00000060   Code   RO         6795    i.HAL_TIMEx_MasterConfigSynchronization  stm32f7xx_hal_tim_ex.o
    0x08004ff0   0x08004ff0   0x00000036   Code   RO         6090    i.HAL_TIM_Base_Init  stm32f7xx_hal_tim.o
    0x08005026   0x08005026   0x00000002   PAD
    0x08005028   0x08005028   0x00000088   Code   RO          895    i.HAL_TIM_Base_MspInit  stm32f7xx_hal_msp.o
    0x080050b0   0x080050b0   0x0000002c   Code   RO         6095    i.HAL_TIM_Base_Start_IT  stm32f7xx_hal_tim.o
    0x080050dc   0x080050dc   0x000000dc   Code   RO         6099    i.HAL_TIM_ConfigClockSource  stm32f7xx_hal_tim.o
    0x080051b8   0x080051b8   0x00000002   Code   RO         6119    i.HAL_TIM_IC_CaptureCallback  stm32f7xx_hal_tim.o
    0x080051ba   0x080051ba   0x00000182   Code   RO         6133    i.HAL_TIM_IRQHandler  stm32f7xx_hal_tim.o
    0x0800533c   0x0800533c   0x00000100   Code   RO          896    i.HAL_TIM_MspPostInit  stm32f7xx_hal_msp.o
    0x0800543c   0x0800543c   0x00000002   Code   RO         6136    i.HAL_TIM_OC_DelayElapsedCallback  stm32f7xx_hal_tim.o
    0x0800543e   0x0800543e   0x00000128   Code   RO         6157    i.HAL_TIM_PWM_ConfigChannel  stm32f7xx_hal_tim.o
    0x08005566   0x08005566   0x00000036   Code   RO         6160    i.HAL_TIM_PWM_Init  stm32f7xx_hal_tim.o
    0x0800559c   0x0800559c   0x00000028   Code   RO          898    i.HAL_TIM_PWM_MspInit  stm32f7xx_hal_msp.o
    0x080055c4   0x080055c4   0x00000002   Code   RO         6163    i.HAL_TIM_PWM_PulseFinishedCallback  stm32f7xx_hal_tim.o
    0x080055c6   0x080055c6   0x00000002   PAD
    0x080055c8   0x080055c8   0x00000014   Code   RO          277    i.HAL_TIM_PeriodElapsedCallback  main.o
    0x080055dc   0x080055dc   0x00000002   Code   RO         6176    i.HAL_TIM_TriggerCallback  stm32f7xx_hal_tim.o
    0x080055de   0x080055de   0x00000066   Code   RO         7064    i.HAL_UART_Init     stm32f7xx_hal_uart.o
    0x08005644   0x08005644   0x000000d4   Code   RO          900    i.HAL_UART_MspInit  stm32f7xx_hal_msp.o
    0x08005718   0x08005718   0x000000ec   Code   RO         7067    i.HAL_UART_Receive  stm32f7xx_hal_uart.o
    0x08005804   0x08005804   0x000000b6   Code   RO         7072    i.HAL_UART_Transmit  stm32f7xx_hal_uart.o
    0x080058ba   0x080058ba   0x00000002   PAD
    0x080058bc   0x080058bc   0x00000234   Code   RO         7447    i.HCD_HC_IN_IRQHandler  stm32f7xx_hal_hcd.o
    0x08005af0   0x08005af0   0x0000023e   Code   RO         7448    i.HCD_HC_OUT_IRQHandler  stm32f7xx_hal_hcd.o
    0x08005d2e   0x08005d2e   0x000000b8   Code   RO         7449    i.HCD_Port_IRQHandler  stm32f7xx_hal_hcd.o
    0x08005de6   0x08005de6   0x00000002   PAD
    0x08005de8   0x08005de8   0x00000074   Code   RO         7450    i.HCD_RXQLVL_IRQHandler  stm32f7xx_hal_hcd.o
    0x08005e5c   0x08005e5c   0x00000002   Code   RO          773    i.HardFault_Handler  stm32f7xx_it.o
    0x08005e5e   0x08005e5e   0x00000022   Code   RO         2597    i.I2C_Flush_TXDR    stm32f7xx_hal_i2c.o
    0x08005e80   0x08005e80   0x00000088   Code   RO         2605    i.I2C_IsAcknowledgeFailed  stm32f7xx_hal_i2c.o
    0x08005f08   0x08005f08   0x00000064   Code   RO         2608    i.I2C_RequestMemoryRead  stm32f7xx_hal_i2c.o
    0x08005f6c   0x08005f6c   0x00000064   Code   RO         2609    i.I2C_RequestMemoryWrite  stm32f7xx_hal_i2c.o
    0x08005fd0   0x08005fd0   0x0000002c   Code   RO         2612    i.I2C_TransferConfig  stm32f7xx_hal_i2c.o
    0x08005ffc   0x08005ffc   0x0000005a   Code   RO         2613    i.I2C_WaitOnFlagUntilTimeout  stm32f7xx_hal_i2c.o
    0x08006056   0x08006056   0x0000004e   Code   RO         2615    i.I2C_WaitOnSTOPFlagUntilTimeout  stm32f7xx_hal_i2c.o
    0x080060a4   0x080060a4   0x00000052   Code   RO         2616    i.I2C_WaitOnTXISFlagUntilTimeout  stm32f7xx_hal_i2c.o
    0x080060f6   0x080060f6   0x00000012   Code   RO         9233    i.I2Cx_Error        stm32746g_discovery.o
    0x08006108   0x08006108   0x00000050   Code   RO         9234    i.I2Cx_Init         stm32746g_discovery.o
    0x08006158   0x08006158   0x00000124   Code   RO         9235    i.I2Cx_MspInit      stm32746g_discovery.o
    0x0800627c   0x0800627c   0x0000002a   Code   RO         9236    i.I2Cx_ReadMultiple  stm32746g_discovery.o
    0x080062a6   0x080062a6   0x0000002a   Code   RO         9237    i.I2Cx_WriteMultiple  stm32746g_discovery.o
    0x080062d0   0x080062d0   0x00000080   Code   RO         9480    i.LL_FillBuffer     stm32746g_discovery_lcd.o
    0x08006350   0x08006350   0x0000000c   Code   RO          774    i.LTDC_IRQHandler   stm32f7xx_it.o
    0x0800635c   0x0800635c   0x000001d0   Code   RO         3900    i.LTDC_SetConfig    stm32f7xx_hal_ltdc.o
    0x0800652c   0x0800652c   0x00000058   Code   RO          278    i.MX_ADC3_Init      main.o
    0x08006584   0x08006584   0x0000002c   Code   RO          279    i.MX_DCMI_Init      main.o
    0x080065b0   0x080065b0   0x00000060   Code   RO          280    i.MX_FMC_Init       main.o
    0x08006610   0x08006610   0x000002b0   Code   RO          281    i.MX_GPIO_Init      main.o
    0x080068c0   0x080068c0   0x00000044   Code   RO          282    i.MX_I2C1_Init      main.o
    0x08006904   0x08006904   0x00000044   Code   RO          283    i.MX_I2C3_Init      main.o
    0x08006948   0x08006948   0x0000009c   Code   RO          284    i.MX_LTDC_Init      main.o
    0x080069e4   0x080069e4   0x000000b4   Code   RO          285    i.MX_RTC_Init       main.o
    0x08006a98   0x08006a98   0x00000090   Code   RO          286    i.MX_SAI2_Init      main.o
    0x08006b28   0x08006b28   0x00000028   Code   RO          287    i.MX_SPDIFRX_Init   main.o
    0x08006b50   0x08006b50   0x00000040   Code   RO          288    i.MX_SPI2_Init      main.o
    0x08006b90   0x08006b90   0x00000048   Code   RO          289    i.MX_TIM12_Init     main.o
    0x08006bd8   0x08006bd8   0x000000ac   Code   RO          290    i.MX_TIM1_Init      main.o
    0x08006c84   0x08006c84   0x00000074   Code   RO          291    i.MX_TIM2_Init      main.o
    0x08006cf8   0x08006cf8   0x00000078   Code   RO          292    i.MX_TIM3_Init      main.o
    0x08006d70   0x08006d70   0x00000078   Code   RO          293    i.MX_TIM5_Init      main.o
    0x08006de8   0x08006de8   0x00000054   Code   RO          294    i.MX_TIM8_Init      main.o
    0x08006e3c   0x08006e3c   0x00000030   Code   RO          295    i.MX_USART1_UART_Init  main.o
    0x08006e6c   0x08006e6c   0x00000030   Code   RO          296    i.MX_USART6_UART_Init  main.o
    0x08006e9c   0x08006e9c   0x0000003c   Code   RO          636    i.MX_X_CUBE_AI_Init  app_x-cube-ai.o
    0x08006ed8   0x08006ed8   0x00000002   Code   RO          775    i.MemManage_Handler  stm32f7xx_it.o
    0x08006eda   0x08006eda   0x00000002   Code   RO          776    i.NMI_Handler       stm32f7xx_it.o
    0x08006edc   0x08006edc   0x0000000c   Code   RO          777    i.OTG_FS_IRQHandler  stm32f7xx_it.o
    0x08006ee8   0x08006ee8   0x00000002   Code   RO          778    i.PendSV_Handler    stm32f7xx_it.o
    0x08006eea   0x08006eea   0x00000048   Code   RO         4194    i.QSPI_WaitFlagStateUntilTimeout  stm32f7xx_hal_qspi.o
    0x08006f32   0x08006f32   0x00000016   Code   RO         4428    i.RTC_ByteToBcd2    stm32f7xx_hal_rtc.o
    0x08006f48   0x08006f48   0x0000003a   Code   RO         4429    i.RTC_EnterInitMode  stm32f7xx_hal_rtc.o
    0x08006f82   0x08006f82   0x00000002   PAD
    0x08006f84   0x08006f84   0x00000040   Code   RO         4820    i.SAI_Disable       stm32f7xx_hal_sai.o
    0x08006fc4   0x08006fc4   0x00000032   Code   RO         5070    i.SDMMC_CmdAppCommand  stm32f7xx_ll_sdmmc.o
    0x08006ff6   0x08006ff6   0x00000002   PAD
    0x08006ff8   0x08006ff8   0x00000034   Code   RO         5071    i.SDMMC_CmdAppOperCommand  stm32f7xx_ll_sdmmc.o
    0x0800702c   0x0800702c   0x00000032   Code   RO         5072    i.SDMMC_CmdBlockLength  stm32f7xx_ll_sdmmc.o
    0x0800705e   0x0800705e   0x00000032   Code   RO         5073    i.SDMMC_CmdBusWidth  stm32f7xx_ll_sdmmc.o
    0x08007090   0x08007090   0x00000050   Code   RO         5077    i.SDMMC_CmdGoIdleState  stm32f7xx_ll_sdmmc.o
    0x080070e0   0x080070e0   0x00000064   Code   RO         5079    i.SDMMC_CmdOperCond  stm32f7xx_ll_sdmmc.o
    0x08007144   0x08007144   0x00000030   Code   RO         5084    i.SDMMC_CmdSelDesel  stm32f7xx_ll_sdmmc.o
    0x08007174   0x08007174   0x0000002a   Code   RO         5085    i.SDMMC_CmdSendCID  stm32f7xx_ll_sdmmc.o
    0x0800719e   0x0800719e   0x0000002e   Code   RO         5086    i.SDMMC_CmdSendCSD  stm32f7xx_ll_sdmmc.o
    0x080071cc   0x080071cc   0x00000030   Code   RO         5087    i.SDMMC_CmdSendSCR  stm32f7xx_ll_sdmmc.o
    0x080071fc   0x080071fc   0x00000030   Code   RO         5089    i.SDMMC_CmdSetRelAdd  stm32f7xx_ll_sdmmc.o
    0x0800722c   0x0800722c   0x00000026   Code   RO         5095    i.SDMMC_ConfigData  stm32f7xx_ll_sdmmc.o
    0x08007252   0x08007252   0x00000002   PAD
    0x08007254   0x08007254   0x0000011c   Code   RO         5096    i.SDMMC_GetCmdResp1  stm32f7xx_ll_sdmmc.o
    0x08007370   0x08007370   0x00000050   Code   RO         5097    i.SDMMC_GetCmdResp2  stm32f7xx_ll_sdmmc.o
    0x080073c0   0x080073c0   0x00000040   Code   RO         5098    i.SDMMC_GetCmdResp3  stm32f7xx_ll_sdmmc.o
    0x08007400   0x08007400   0x00000084   Code   RO         5099    i.SDMMC_GetCmdResp6  stm32f7xx_ll_sdmmc.o
    0x08007484   0x08007484   0x00000008   Code   RO         5103    i.SDMMC_GetPowerState  stm32f7xx_ll_sdmmc.o
    0x0800748c   0x0800748c   0x0000000c   Code   RO         5104    i.SDMMC_GetResponse  stm32f7xx_ll_sdmmc.o
    0x08007498   0x08007498   0x00000022   Code   RO         5105    i.SDMMC_Init        stm32f7xx_ll_sdmmc.o
    0x080074ba   0x080074ba   0x00000008   Code   RO         5107    i.SDMMC_PowerState_ON  stm32f7xx_ll_sdmmc.o
    0x080074c2   0x080074c2   0x00000006   Code   RO         5108    i.SDMMC_ReadFIFO    stm32f7xx_ll_sdmmc.o
    0x080074c8   0x080074c8   0x00000022   Code   RO         5109    i.SDMMC_SendCommand  stm32f7xx_ll_sdmmc.o
    0x080074ea   0x080074ea   0x000000d6   Code   RO         5366    i.SD_FindSCR        stm32f7xx_hal_sd.o
    0x080075c0   0x080075c0   0x000000e6   Code   RO         5367    i.SD_InitCard       stm32f7xx_hal_sd.o
    0x080076a6   0x080076a6   0x000000a6   Code   RO         5368    i.SD_PowerON        stm32f7xx_hal_sd.o
    0x0800774c   0x0800774c   0x0000004e   Code   RO         5370    i.SD_WideBus_Disable  stm32f7xx_hal_sd.o
    0x0800779a   0x0800779a   0x0000004e   Code   RO         5371    i.SD_WideBus_Enable  stm32f7xx_hal_sd.o
    0x080077e8   0x080077e8   0x00000002   Code   RO          779    i.SVC_Handler       stm32f7xx_it.o
    0x080077ea   0x080077ea   0x00000002   PAD
    0x080077ec   0x080077ec   0x000000dc   Code   RO          297    i.SystemClock_Config  main.o
    0x080078c8   0x080078c8   0x00000054   Code   RO         7901    i.SystemInit        system_stm32f7xx.o
    0x0800791c   0x0800791c   0x0000000c   Code   RO          780    i.TIM6_DAC_IRQHandler  stm32f7xx_it.o
    0x08007928   0x08007928   0x000000cc   Code   RO         6178    i.TIM_Base_SetConfig  stm32f7xx_hal_tim.o
    0x080079f4   0x080079f4   0x00000012   Code   RO         6189    i.TIM_ETR_SetConfig  stm32f7xx_hal_tim.o
    0x08007a06   0x08007a06   0x00000010   Code   RO         6190    i.TIM_ITRx_SetConfig  stm32f7xx_hal_tim.o
    0x08007a16   0x08007a16   0x00000002   PAD
    0x08007a18   0x08007a18   0x00000074   Code   RO         6191    i.TIM_OC1_SetConfig  stm32f7xx_hal_tim.o
    0x08007a8c   0x08007a8c   0x00000078   Code   RO         6192    i.TIM_OC2_SetConfig  stm32f7xx_hal_tim.o
    0x08007b04   0x08007b04   0x00000078   Code   RO         6193    i.TIM_OC3_SetConfig  stm32f7xx_hal_tim.o
    0x08007b7c   0x08007b7c   0x00000058   Code   RO         6194    i.TIM_OC4_SetConfig  stm32f7xx_hal_tim.o
    0x08007bd4   0x08007bd4   0x00000058   Code   RO         6195    i.TIM_OC5_SetConfig  stm32f7xx_hal_tim.o
    0x08007c2c   0x08007c2c   0x00000058   Code   RO         6196    i.TIM_OC6_SetConfig  stm32f7xx_hal_tim.o
    0x08007c84   0x08007c84   0x00000022   Code   RO         6198    i.TIM_TI1_ConfigInputStage  stm32f7xx_hal_tim.o
    0x08007ca6   0x08007ca6   0x00000024   Code   RO         6200    i.TIM_TI2_ConfigInputStage  stm32f7xx_hal_tim.o
    0x08007cca   0x08007cca   0x00000004   Code   RO         9238    i.TS_IO_Delay       stm32746g_discovery.o
    0x08007cce   0x08007cce   0x00000002   PAD
    0x08007cd0   0x08007cd0   0x0000000c   Code   RO         9239    i.TS_IO_Init        stm32746g_discovery.o
    0x08007cdc   0x08007cdc   0x00000028   Code   RO         9240    i.TS_IO_Read        stm32746g_discovery.o
    0x08007d04   0x08007d04   0x00000020   Code   RO         9241    i.TS_IO_Write       stm32746g_discovery.o
    0x08007d24   0x08007d24   0x000000c8   Code   RO         7077    i.UART_AdvFeatureConfig  stm32f7xx_hal_uart.o
    0x08007dec   0x08007dec   0x0000003c   Code   RO         7078    i.UART_CheckIdleState  stm32f7xx_hal_uart.o
    0x08007e28   0x08007e28   0x00000254   Code   RO         7093    i.UART_SetConfig    stm32f7xx_hal_uart.o
    0x0800807c   0x0800807c   0x00000060   Code   RO         7096    i.UART_WaitOnFlagUntilTimeout  stm32f7xx_hal_uart.o
    0x080080dc   0x080080dc   0x0000006c   Code   RO         7605    i.USB_CoreInit      stm32f7xx_ll_usb.o
    0x08008148   0x08008148   0x00000038   Code   RO         7606    i.USB_CoreReset     stm32f7xx_ll_usb.o
    0x08008180   0x08008180   0x0000000c   Code   RO         7613    i.USB_DisableGlobalInt  stm32f7xx_ll_usb.o
    0x0800818c   0x0800818c   0x0000002c   Code   RO         7615    i.USB_DriveVbus     stm32f7xx_ll_usb.o
    0x080081b8   0x080081b8   0x00000020   Code   RO         7622    i.USB_FlushRxFifo   stm32f7xx_ll_usb.o
    0x080081d8   0x080081d8   0x00000024   Code   RO         7623    i.USB_FlushTxFifo   stm32f7xx_ll_usb.o
    0x080081fc   0x080081fc   0x00000008   Code   RO         7627    i.USB_GetMode       stm32f7xx_ll_usb.o
    0x08008204   0x08008204   0x000000c2   Code   RO         7628    i.USB_HC_Halt       stm32f7xx_ll_usb.o
    0x080082c6   0x080082c6   0x00000008   Code   RO         7630    i.USB_HC_ReadInterrupt  stm32f7xx_ll_usb.o
    0x080082ce   0x080082ce   0x00000002   PAD
    0x080082d0   0x080082d0   0x000000c4   Code   RO         7632    i.USB_HostInit      stm32f7xx_ll_usb.o
    0x08008394   0x08008394   0x00000038   Code   RO         7633    i.USB_InitFSLSPClkSel  stm32f7xx_ll_usb.o
    0x080083cc   0x080083cc   0x00000008   Code   RO         7638    i.USB_ReadInterrupts  stm32f7xx_ll_usb.o
    0x080083d4   0x080083d4   0x0000001c   Code   RO         7639    i.USB_ReadPacket    stm32f7xx_ll_usb.o
    0x080083f0   0x080083f0   0x0000002e   Code   RO         7641    i.USB_SetCurrentMode  stm32f7xx_ll_usb.o
    0x0800841e   0x0800841e   0x00000002   Code   RO          781    i.UsageFault_Handler  stm32f7xx_it.o
    0x08008420   0x08008420   0x00000020   Code   RO        10931    i.__0printf         mc_w.l(printfa.o)
    0x08008440   0x08008440   0x00000028   Code   RO        10933    i.__0sprintf        mc_w.l(printfa.o)
    0x08008468   0x08008468   0x00000026   Code   RO        10997    i.__ARM_fpclassifyf  m_wm.l(fpclassifyf.o)
    0x0800848e   0x0800848e   0x00000022   Code   RO         2224    i.__NVIC_SetPriority  stm32f7xx_hal_cortex.o
    0x080084b0   0x080084b0   0x0000005c   Code   RO        10963    i.__free$realloc    mc_w.l(mallocr.o)
    0x0800850c   0x0800850c   0x000001e8   Code   RO        10567    i.__hardfp_expf     m_wm.l(expf.o)
    0x080086f4   0x080086f4   0x00000050   Code   RO        10964    i.__malloc$realloc  mc_w.l(mallocr.o)
    0x08008744   0x08008744   0x00000006   Code   RO        11000    i.__mathlib_flt_infnan  m_wm.l(funder.o)
    0x0800874a   0x0800874a   0x00000002   PAD
    0x0800874c   0x0800874c   0x00000010   Code   RO        11003    i.__mathlib_flt_overflow  m_wm.l(funder.o)
    0x0800875c   0x0800875c   0x00000010   Code   RO        11005    i.__mathlib_flt_underflow  m_wm.l(funder.o)
    0x0800876c   0x0800876c   0x0000000e   Code   RO        11090    i.__scatterload_copy  mc_w.l(handlers.o)
    0x0800877a   0x0800877a   0x00000002   Code   RO        11091    i.__scatterload_null  mc_w.l(handlers.o)
    0x0800877c   0x0800877c   0x0000000e   Code   RO        11092    i.__scatterload_zeroinit  mc_w.l(handlers.o)
    0x0800878a   0x0800878a   0x00000002   PAD
    0x0800878c   0x0800878c   0x0000000c   Code   RO        11058    i.__set_errno       mc_w.l(errno.o)
    0x08008798   0x08008798   0x000000aa   Code   RO        10048    i._ai_platform_get_io_buffers_info  NetworkRuntime410_CM7_Keil.lib(ai_platform_interface.o)
    0x08008842   0x08008842   0x0000000e   Code   RO        10394    i._check_array_flags_set  NetworkRuntime410_CM7_Keil.lib(core_net_inspect.o)
    0x08008850   0x08008850   0x00000380   Code   RO        10395    i._core_inspect_forward_validate  NetworkRuntime410_CM7_Keil.lib(core_net_inspect.o)
    0x08008bd0   0x08008bd0   0x000000ec   Code   RO        10396    i._core_inspect_net_activations  NetworkRuntime410_CM7_Keil.lib(core_net_inspect.o)
    0x08008cbc   0x08008cbc   0x00000058   Code   RO        10397    i._core_inspect_set_buffer  NetworkRuntime410_CM7_Keil.lib(core_net_inspect.o)
    0x08008d14   0x08008d14   0x00000012   Code   RO        10398    i._core_inspect_snapshot_callback  NetworkRuntime410_CM7_Keil.lib(core_net_inspect.o)
    0x08008d26   0x08008d26   0x00000002   PAD
    0x08008d28   0x08008d28   0x00000154   Code   RO        10399    i._core_inspect_snapshot_init_report_node  NetworkRuntime410_CM7_Keil.lib(core_net_inspect.o)
    0x08008e7c   0x08008e7c   0x00000144   Code   RO        10400    i._core_inspect_snapshot_push  NetworkRuntime410_CM7_Keil.lib(core_net_inspect.o)
    0x08008fc0   0x08008fc0   0x00000060   Code   RO        10401    i._core_inspect_tensor_list  NetworkRuntime410_CM7_Keil.lib(core_net_inspect.o)
    0x08009020   0x08009020   0x00000184   Code   RO        10938    i._fp_digits        mc_w.l(printfa.o)
    0x080091a4   0x080091a4   0x0000001c   Code   RO        10278    i._inspector_find_entry  NetworkRuntime410_CM7_Keil.lib(ai_network_inspector.o)
    0x080091c0   0x080091c0   0x0000003c   Code   RO        10279    i._inspector_unbind_network  NetworkRuntime410_CM7_Keil.lib(ai_network_inspector.o)
    0x080091fc   0x080091fc   0x00000216   Code   RO        10049    i._platform_network_io_bind  NetworkRuntime410_CM7_Keil.lib(ai_platform_interface.o)
    0x08009412   0x08009412   0x00000038   Code   RO        10050    i._platform_network_state_setup  NetworkRuntime410_CM7_Keil.lib(ai_platform_interface.o)
    0x0800944a   0x0800944a   0x0000006c   Code   RO        10051    i._platform_network_state_update_input  NetworkRuntime410_CM7_Keil.lib(ai_platform_interface.o)
    0x080094b6   0x080094b6   0x00000080   Code   RO        10052    i._platform_network_state_update_output  NetworkRuntime410_CM7_Keil.lib(ai_platform_interface.o)
    0x08009536   0x08009536   0x00000002   PAD
    0x08009538   0x08009538   0x000006dc   Code   RO        10939    i._printf_core      mc_w.l(printfa.o)
    0x08009c14   0x08009c14   0x00000024   Code   RO        10940    i._printf_post_padding  mc_w.l(printfa.o)
    0x08009c38   0x08009c38   0x0000002e   Code   RO        10941    i._printf_pre_padding  mc_w.l(printfa.o)
    0x08009c66   0x08009c66   0x0000000a   Code   RO        10943    i._sputc            mc_w.l(printfa.o)
    0x08009c70   0x08009c70   0x00000050   Code   RO         8645    i.aiExecCtx         aivalidation.o
    0x08009cc0   0x08009cc0   0x00000084   Code   RO         8647    i.aiInspectorInitAndBind  aivalidation.o
    0x08009d44   0x08009d44   0x0000007a   Code   RO         8648    i.aiInspectorSendReport  aivalidation.o
    0x08009dbe   0x08009dbe   0x0000001c   Code   RO         8649    i.aiInspectorUnBind  aivalidation.o
    0x08009dda   0x08009dda   0x00000002   PAD
    0x08009ddc   0x08009ddc   0x00000064   Code   RO         8435    i.aiLogErr          aitestutility.o
    0x08009e40   0x08009e40   0x00000092   Code   RO         8650    i.aiOnExecNode_cb   aivalidation.o
    0x08009ed2   0x08009ed2   0x00000016   Code   RO         8280    i.aiPbAiBufferSize  aipbmgr.o
    0x08009ee8   0x08009ee8   0x0000009c   Code   RO         8281    i.aiPbBuffer_read_cb3  aipbmgr.o
    0x08009f84   0x08009f84   0x00000042   Code   RO         8282    i.aiPbBuffer_write_cb3  aipbmgr.o
    0x08009fc6   0x08009fc6   0x00000034   Code   RO         8651    i.aiPbCmdNNInfo     aivalidation.o
    0x08009ffa   0x08009ffa   0x00000002   PAD
    0x08009ffc   0x08009ffc   0x00000154   Code   RO         8652    i.aiPbCmdNNRun      aivalidation.o
    0x0800a150   0x0800a150   0x00000020   Code   RO         8283    i.aiPbCmdSync       aipbmgr.o
    0x0800a170   0x0800a170   0x00000030   Code   RO         8284    i.aiPbCmdSysInfo    aipbmgr.o
    0x0800a1a0   0x0800a1a0   0x00000054   Code   RO         8285    i.aiPbMgrInit       aipbmgr.o
    0x0800a1f4   0x0800a1f4   0x00000080   Code   RO         8286    i.aiPbMgrReceiveAiBuffer3  aipbmgr.o
    0x0800a274   0x0800a274   0x00000012   Code   RO         8287    i.aiPbMgrSendAck    aipbmgr.o
    0x0800a286   0x0800a286   0x00000002   PAD
    0x0800a288   0x0800a288   0x00000088   Code   RO         8288    i.aiPbMgrSendAiBuffer3  aipbmgr.o
    0x0800a310   0x0800a310   0x000000e8   Code   RO         8290    i.aiPbMgrSendNNInfo  aipbmgr.o
    0x0800a3f8   0x0800a3f8   0x00000024   Code   RO         8291    i.aiPbMgrSendResp   aipbmgr.o
    0x0800a41c   0x0800a41c   0x00000070   Code   RO         8292    i.aiPbMgrSetMetaInfo  aipbmgr.o
    0x0800a48c   0x0800a48c   0x00000024   Code   RO         8293    i.aiPbMgrWaitAck    aipbmgr.o
    0x0800a4b0   0x0800a4b0   0x00000048   Code   RO         8295    i.aiPbStrCopy       aipbmgr.o
    0x0800a4f8   0x0800a4f8   0x00000012   Code   RO         8296    i.aiPbVersionToUint32  aipbmgr.o
    0x0800a50a   0x0800a50a   0x00000002   PAD
    0x0800a50c   0x0800a50c   0x00000050   Code   RO          638    i.aiRun             app_x-cube-ai.o
    0x0800a55c   0x0800a55c   0x0000006c   Code   RO         8438    i.aiTestHeader      aitestutility.o
    0x0800a5c8   0x0800a5c8   0x00000038   Code   RO         8654    i.aiValidationInit  aivalidation.o
    0x0800a600   0x0800a600   0x00000044   Code   RO        10301    i.ai_array_get_byte_size  NetworkRuntime410_CM7_Keil.lib(ai_datatypes_format.o)
    0x0800a644   0x0800a644   0x000000ec   Code   RO        10304    i.ai_array_to_buffer_fmt  NetworkRuntime410_CM7_Keil.lib(ai_datatypes_format.o)
    0x0800a730   0x0800a730   0x0000002c   Code   RO        10366    i.ai_check_custom_types  NetworkRuntime410_CM7_Keil.lib(layers.o)
    0x0800a75c   0x0800a75c   0x00000070   Code   RO        10094    i.ai_dict4_dot_array_f32  NetworkRuntime410_CM7_Keil.lib(layers_conv2d_generic_float.o)
    0x0800a7cc   0x0800a7cc   0x000000fc   Code   RO        10095    i.ai_dict8_dot_array_f32  NetworkRuntime410_CM7_Keil.lib(layers_conv2d_generic_float.o)
    0x0800a8c8   0x0800a8c8   0x00000012   Code   RO        10367    i.ai_forward_layer  NetworkRuntime410_CM7_Keil.lib(layers.o)
    0x0800a8da   0x0800a8da   0x00000074   Code   RO        10280    i.ai_inspector_bind_network  NetworkRuntime410_CM7_Keil.lib(ai_network_inspector.o)
    0x0800a94e   0x0800a94e   0x00000002   PAD
    0x0800a950   0x0800a950   0x00000064   Code   RO        10281    i.ai_inspector_create  NetworkRuntime410_CM7_Keil.lib(ai_network_inspector.o)
    0x0800a9b4   0x0800a9b4   0x00000014   Code   RO        10282    i.ai_inspector_default_config  NetworkRuntime410_CM7_Keil.lib(ai_network_inspector.o)
    0x0800a9c8   0x0800a9c8   0x00000032   Code   RO        10283    i.ai_inspector_destroy  NetworkRuntime410_CM7_Keil.lib(ai_network_inspector.o)
    0x0800a9fa   0x0800a9fa   0x0000002a   Code   RO        10284    i.ai_inspector_get_report  NetworkRuntime410_CM7_Keil.lib(ai_network_inspector.o)
    0x0800aa24   0x0800aa24   0x0000002c   Code   RO        10286    i.ai_inspector_unbind_network  NetworkRuntime410_CM7_Keil.lib(ai_network_inspector.o)
    0x0800aa50   0x0800aa50   0x00000032   Code   RO        10368    i.ai_layer_type_is_valid  NetworkRuntime410_CM7_Keil.lib(layers.o)
    0x0800aa82   0x0800aa82   0x00000002   PAD
    0x0800aa84   0x0800aa84   0x0000018c   Code   RO        10369    i.ai_layer_type_name  NetworkRuntime410_CM7_Keil.lib(layers.o)
    0x0800ac10   0x0800ac10   0x00000018   Code   RO        10370    i.ai_layers_forward_all  NetworkRuntime410_CM7_Keil.lib(layers.o)
    0x0800ac28   0x0800ac28   0x00000028   Code   RO          643    i.ai_mnetwork_get_error  app_x-cube-ai.o
    0x0800ac50   0x0800ac50   0x0000002a   Code   RO          646    i.ai_mnetwork_get_private_handle  app_x-cube-ai.o
    0x0800ac7a   0x0800ac7a   0x00000002   PAD
    0x0800ac7c   0x0800ac7c   0x0000001c   Code   RO          647    i.ai_mnetwork_handle  app_x-cube-ai.o
    0x0800ac98   0x0800ac98   0x00000020   Code   RO          650    i.ai_mnetwork_run   app_x-cube-ai.o
    0x0800acb8   0x0800acb8   0x00000018   Code   RO           10    i.ai_network_create  network.o
    0x0800acd0   0x0800acd0   0x00000008   Code   RO          254    i.ai_network_data_weights_get  network_data.o
    0x0800acd8   0x0800acd8   0x00000004   Code   RO           11    i.ai_network_destroy  network.o
    0x0800acdc   0x0800acdc   0x00000006   Code   RO           12    i.ai_network_forward  network.o
    0x0800ace2   0x0800ace2   0x00000004   Code   RO           13    i.ai_network_get_error  network.o
    0x0800ace6   0x0800ace6   0x00000002   PAD
    0x0800ace8   0x0800ace8   0x00000058   Code   RO           14    i.ai_network_get_info  network.o
    0x0800ad40   0x0800ad40   0x00000058   Code   RO           15    i.ai_network_init   network.o
    0x0800ad98   0x0800ad98   0x00000070   Code   RO        10402    i.ai_network_inspect_destroy  NetworkRuntime410_CM7_Keil.lib(core_net_inspect.o)
    0x0800ae08   0x0800ae08   0x00000028   Code   RO        10403    i.ai_network_inspect_get_report  NetworkRuntime410_CM7_Keil.lib(core_net_inspect.o)
    0x0800ae30   0x0800ae30   0x0000008c   Code   RO        10404    i.ai_network_inspect_init  NetworkRuntime410_CM7_Keil.lib(core_net_inspect.o)
    0x0800aebc   0x0800aebc   0x00000004   Code   RO           16    i.ai_network_run    network.o
    0x0800aec0   0x0800aec0   0x000000bc   Code   RO        10053    i.ai_platform_api_get_network_report  NetworkRuntime410_CM7_Keil.lib(ai_platform_interface.o)
    0x0800af7c   0x0800af7c   0x00000014   Code   RO        10054    i.ai_platform_api_get_version  NetworkRuntime410_CM7_Keil.lib(ai_platform_interface.o)
    0x0800af90   0x0800af90   0x0000001c   Code   RO        10055    i.ai_platform_context_acquire  NetworkRuntime410_CM7_Keil.lib(ai_platform_interface.o)
    0x0800afac   0x0800afac   0x0000000c   Code   RO        10056    i.ai_platform_context_release  NetworkRuntime410_CM7_Keil.lib(ai_platform_interface.o)
    0x0800afb8   0x0800afb8   0x00000014   Code   RO        10057    i.ai_platform_interface_api_get_version  NetworkRuntime410_CM7_Keil.lib(ai_platform_interface.o)
    0x0800afcc   0x0800afcc   0x00000070   Code   RO        10058    i.ai_platform_network_create  NetworkRuntime410_CM7_Keil.lib(ai_platform_interface.o)
    0x0800b03c   0x0800b03c   0x00000012   Code   RO        10059    i.ai_platform_network_destroy  NetworkRuntime410_CM7_Keil.lib(ai_platform_interface.o)
    0x0800b04e   0x0800b04e   0x00000002   PAD
    0x0800b050   0x0800b050   0x0000001c   Code   RO        10060    i.ai_platform_network_get_error  NetworkRuntime410_CM7_Keil.lib(ai_platform_interface.o)
    0x0800b06c   0x0800b06c   0x0000007e   Code   RO        10061    i.ai_platform_network_init  NetworkRuntime410_CM7_Keil.lib(ai_platform_interface.o)
    0x0800b0ea   0x0800b0ea   0x00000056   Code   RO        10062    i.ai_platform_network_process  NetworkRuntime410_CM7_Keil.lib(ai_platform_interface.o)
    0x0800b140   0x0800b140   0x0000000c   Code   RO        10063    i.ai_platform_network_set_error  NetworkRuntime410_CM7_Keil.lib(ai_platform_interface.o)
    0x0800b14c   0x0800b14c   0x00000010   Code   RO        10064    i.ai_platform_runtime_get_revision  NetworkRuntime410_CM7_Keil.lib(ai_platform_interface.o)
    0x0800b15c   0x0800b15c   0x00000014   Code   RO        10065    i.ai_platform_runtime_get_version  NetworkRuntime410_CM7_Keil.lib(ai_platform_interface.o)
    0x0800b170   0x0800b170   0x0000001a   Code   RO        10128    i.ai_shape_get_size  NetworkRuntime410_CM7_Keil.lib(layers_nl_generic_float.o)
    0x0800b18a   0x0800b18a   0x00000002   PAD
    0x0800b18c   0x0800b18c   0x0000001c   Code   RO         8439    i.bitToStr          aitestutility.o
    0x0800b1a8   0x0800b1a8   0x0000001e   Code   RO         8803    i.buf_read          pb_decode.o
    0x0800b1c6   0x0800b1c6   0x0000000c   Code   RO        10378    i.core_get_error    NetworkRuntime410_CM7_Keil.lib(core_common.o)
    0x0800b1d2   0x0800b1d2   0x00000004   Code   RO        10379    i.core_init         NetworkRuntime410_CM7_Keil.lib(core_common.o)
    0x0800b1d6   0x0800b1d6   0x00000016   Code   RO        10384    i.core_mem_alloc    NetworkRuntime410_CM7_Keil.lib(core_mem_manager.o)
    0x0800b1ec   0x0800b1ec   0x0000000a   Code   RO        10385    i.core_mem_free     NetworkRuntime410_CM7_Keil.lib(core_mem_manager.o)
    0x0800b1f6   0x0800b1f6   0x0000001a   Code   RO        10386    i.core_mem_free_    NetworkRuntime410_CM7_Keil.lib(core_mem_manager.o)
    0x0800b210   0x0800b210   0x00000012   Code   RO        10388    i.core_mem_unmarshal_  NetworkRuntime410_CM7_Keil.lib(core_mem_manager.o)
    0x0800b222   0x0800b222   0x0000001a   Code   RO        10380    i.core_set_error    NetworkRuntime410_CM7_Keil.lib(core_common.o)
    0x0800b23c   0x0800b23c   0x00000034   Code   RO        10435    i.core_timer_init   NetworkRuntime410_CM7_Keil.lib(core_benchmark.o)
    0x0800b270   0x0800b270   0x00000002   Code   RO        10436    i.core_timer_init_  NetworkRuntime410_CM7_Keil.lib(core_benchmark.o)
    0x0800b272   0x0800b272   0x0000000e   Code   RO        10438    i.core_timer_reset  NetworkRuntime410_CM7_Keil.lib(core_benchmark.o)
    0x0800b280   0x0800b280   0x00000014   Code   RO        10439    i.core_timer_start  NetworkRuntime410_CM7_Keil.lib(core_benchmark.o)
    0x0800b294   0x0800b294   0x0000001a   Code   RO        10440    i.core_timer_stop   NetworkRuntime410_CM7_Keil.lib(core_benchmark.o)
    0x0800b2ae   0x0800b2ae   0x00000004   Code   RO        10441    i.core_timer_ticks_  NetworkRuntime410_CM7_Keil.lib(core_benchmark.o)
    0x0800b2b2   0x0800b2b2   0x00000002   PAD
    0x0800b2b4   0x0800b2b4   0x0000005a   Code   RO        10421    i.core_utils_compute_crc32  NetworkRuntime410_CM7_Keil.lib(core_utils.o)
    0x0800b30e   0x0800b30e   0x00000044   Code   RO        10422    i.core_utils_generate_network_signature  NetworkRuntime410_CM7_Keil.lib(core_utils.o)
    0x0800b352   0x0800b352   0x00000002   PAD
    0x0800b354   0x0800b354   0x0000004c   Code   RO         8440    i.crcIpInit         aitestutility.o
    0x0800b3a0   0x0800b3a0   0x000000a4   Code   RO         8804    i.decode_callback_field  pb_decode.o
    0x0800b444   0x0800b444   0x0000005c   Code   RO         8805    i.decode_field      pb_decode.o
    0x0800b4a0   0x0800b4a0   0x00000130   Code   RO         8806    i.decode_static_field  pb_decode.o
    0x0800b5d0   0x0800b5d0   0x00000110   Code   RO         8441    i.devIdToStr        aitestutility.o
    0x0800b6e0   0x0800b6e0   0x00000008   Code   RO         8442    i.disableInts       aitestutility.o
    0x0800b6e8   0x0800b6e8   0x0000003c   Code   RO         8443    i.dwtCyclesToFloatMs  aitestutility.o
    0x0800b724   0x0800b724   0x0000000c   Code   RO         8445    i.dwtGetCycles      aitestutility.o
    0x0800b730   0x0800b730   0x00000038   Code   RO         8446    i.dwtIpInit         aitestutility.o
    0x0800b768   0x0800b768   0x0000000c   Code   RO         8447    i.dwtReset          aitestutility.o
    0x0800b774   0x0800b774   0x00000134   Code   RO         9008    i.encode_array      pb_encode.o
    0x0800b8a8   0x0800b8a8   0x00000104   Code   RO         9009    i.encode_basic_field  pb_encode.o
    0x0800b9ac   0x0800b9ac   0x00000064   Code   RO         9010    i.encode_field      pb_encode.o
    0x0800ba10   0x0800ba10   0x000001d0   Code   RO        10103    i.forward_dense     NetworkRuntime410_CM7_Keil.lib(layers_conv2d_generic_float.o)
    0x0800bbe0   0x0800bbe0   0x0000009a   Code   RO        10150    i.forward_relu      NetworkRuntime410_CM7_Keil.lib(layers_nl_generic_float.o)
    0x0800bc7a   0x0800bc7a   0x0000006c   Code   RO        10159    i.forward_sm        NetworkRuntime410_CM7_Keil.lib(layers_nl_generic_float.o)
    0x0800bce6   0x0800bce6   0x00000002   PAD
    0x0800bce8   0x0800bce8   0x00000018   Code   RO          298    i.fputc             main.o
    0x0800bd00   0x0800bd00   0x00000018   Code   RO         9954    i.ft5336_I2C_InitializeIfRequired  ft5336.o
    0x0800bd18   0x0800bd18   0x00000010   Code   RO         9955    i.ft5336_Init       ft5336.o
    0x0800bd28   0x0800bd28   0x0000003a   Code   RO         9956    i.ft5336_ReadID     ft5336.o
    0x0800bd62   0x0800bd62   0x00000002   Code   RO         9957    i.ft5336_Reset      ft5336.o
    0x0800bd64   0x0800bd64   0x00000002   Code   RO         9958    i.ft5336_TS_ClearIT  ft5336.o
    0x0800bd66   0x0800bd66   0x00000002   PAD
    0x0800bd68   0x0800bd68   0x00000040   Code   RO         9959    i.ft5336_TS_DetectTouch  ft5336.o
    0x0800bda8   0x0800bda8   0x0000000a   Code   RO         9960    i.ft5336_TS_DisableIT  ft5336.o
    0x0800bdb2   0x0800bdb2   0x0000000a   Code   RO         9961    i.ft5336_TS_EnableIT  ft5336.o
    0x0800bdbc   0x0800bdbc   0x0000001e   Code   RO         9962    i.ft5336_TS_GetGestureID  ft5336.o
    0x0800bdda   0x0800bdda   0x00000002   PAD
    0x0800bddc   0x0800bddc   0x000000cc   Code   RO         9963    i.ft5336_TS_GetTouchInfo  ft5336.o
    0x0800bea8   0x0800bea8   0x00000120   Code   RO         9964    i.ft5336_TS_GetXY   ft5336.o
    0x0800bfc8   0x0800bfc8   0x00000004   Code   RO         9965    i.ft5336_TS_ITStatus  ft5336.o
    0x0800bfcc   0x0800bfcc   0x00000004   Code   RO         9966    i.ft5336_TS_Start   ft5336.o
    0x0800bfd0   0x0800bfd0   0x0000000c   Code   RO         8448    i.getFlashCacheConf  aitestutility.o
    0x0800bfdc   0x0800bfdc   0x0000002a   Code   RO         8297    i.init_aibuffer_msg  aipbmgr.o
    0x0800c006   0x0800c006   0x00000002   PAD
    0x0800c008   0x0800c008   0x00000050   Code   RO        10965    i.internal_alloc    mc_w.l(mallocr.o)
    0x0800c058   0x0800c058   0x00000018   Code   RO         8450    i.ioFlushRead       aitestutility.o
    0x0800c070   0x0800c070   0x0000001c   Code   RO         8451    i.ioFlushWrite      aitestutility.o
    0x0800c08c   0x0800c08c   0x0000002e   Code   RO         8807    i.iter_from_extension  pb_decode.o
    0x0800c0ba   0x0800c0ba   0x00000002   PAD
    0x0800c0bc   0x0800c0bc   0x0000021c   Code   RO         8452    i.logDeviceConf     aitestutility.o
    0x0800c2d8   0x0800c2d8   0x00000360   Code   RO          299    i.main              main.o
    0x0800c638   0x0800c638   0x000000a0   Code   RO           17    i.network_configure_weights  network.o
    0x0800c6d8   0x0800c6d8   0x00000034   Code   RO        10186    i.nl_func_relu_array_f32  NetworkRuntime410_CM7_Keil.lib(layers_nl_generic_float.o)
    0x0800c70c   0x0800c70c   0x000000c0   Code   RO        10187    i.nl_func_relu_generic_array_f32  NetworkRuntime410_CM7_Keil.lib(layers_nl_generic_float.o)
    0x0800c7cc   0x0800c7cc   0x00000044   Code   RO        10188    i.nl_func_relu_thresholded_array_f32  NetworkRuntime410_CM7_Keil.lib(layers_nl_generic_float.o)
    0x0800c810   0x0800c810   0x0000004c   Code   RO        10196    i.nl_func_sm_array_f32  NetworkRuntime410_CM7_Keil.lib(layers_nl_generic_float.o)
    0x0800c85c   0x0800c85c   0x00000088   Code   RO        10197    i.nl_func_sm_channel_f32  NetworkRuntime410_CM7_Keil.lib(layers_nl_generic_float.o)
    0x0800c8e4   0x0800c8e4   0x00000010   Code   RO         8298    i.nn_inputs_w_cb    aipbmgr.o
    0x0800c8f4   0x0800c8f4   0x00000010   Code   RO         8299    i.nn_outputs_w_cb   aipbmgr.o
    0x0800c904   0x0800c904   0x0000004c   Code   RO         8300    i.nn_shape_w_cb     aipbmgr.o
    0x0800c950   0x0800c950   0x000000a0   Code   RO         9011    i.pb_check_proto3_default_value  pb_encode.o
    0x0800c9f0   0x0800c9f0   0x00000022   Code   RO         8808    i.pb_close_string_substream  pb_decode.o
    0x0800ca12   0x0800ca12   0x00000002   PAD
    0x0800ca14   0x0800ca14   0x00000090   Code   RO         8809    i.pb_dec_bytes      pb_decode.o
    0x0800caa4   0x0800caa4   0x00000006   Code   RO         8810    i.pb_dec_fixed32    pb_decode.o
    0x0800caaa   0x0800caaa   0x00000006   Code   RO         8811    i.pb_dec_fixed64    pb_decode.o
    0x0800cab0   0x0800cab0   0x00000088   Code   RO         8812    i.pb_dec_fixed_length_bytes  pb_decode.o
    0x0800cb38   0x0800cb38   0x0000008c   Code   RO         8813    i.pb_dec_string     pb_decode.o
    0x0800cbc4   0x0800cbc4   0x00000078   Code   RO         8814    i.pb_dec_submessage  pb_decode.o
    0x0800cc3c   0x0800cc3c   0x00000098   Code   RO         8815    i.pb_dec_svarint    pb_decode.o
    0x0800ccd4   0x0800ccd4   0x00000098   Code   RO         8816    i.pb_dec_uvarint    pb_decode.o
    0x0800cd6c   0x0800cd6c   0x00000098   Code   RO         8817    i.pb_dec_varint     pb_decode.o
    0x0800ce04   0x0800ce04   0x0000001e   Code   RO         8818    i.pb_decode         pb_decode.o
    0x0800ce22   0x0800ce22   0x00000030   Code   RO         8819    i.pb_decode_delimited  pb_decode.o
    0x0800ce52   0x0800ce52   0x00000020   Code   RO         8821    i.pb_decode_fixed32  pb_decode.o
    0x0800ce72   0x0800ce72   0x00000060   Code   RO         8822    i.pb_decode_fixed64  pb_decode.o
    0x0800ced2   0x0800ced2   0x00000002   PAD
    0x0800ced4   0x0800ced4   0x00000224   Code   RO         8823    i.pb_decode_noinit  pb_decode.o
    0x0800d0f8   0x0800d0f8   0x0000003a   Code   RO         8825    i.pb_decode_svarint  pb_decode.o
    0x0800d132   0x0800d132   0x00000038   Code   RO         8826    i.pb_decode_tag     pb_decode.o
    0x0800d16a   0x0800d16a   0x00000002   PAD
    0x0800d16c   0x0800d16c   0x0000006c   Code   RO         8827    i.pb_decode_varint  pb_decode.o
    0x0800d1d8   0x0800d1d8   0x00000006   Code   RO         8828    i.pb_decode_varint32  pb_decode.o
    0x0800d1de   0x0800d1de   0x00000002   PAD
    0x0800d1e0   0x0800d1e0   0x0000009c   Code   RO         8829    i.pb_decode_varint32_eof  pb_decode.o
    0x0800d27c   0x0800d27c   0x00000048   Code   RO         9012    i.pb_enc_bytes      pb_encode.o
    0x0800d2c4   0x0800d2c4   0x00000006   Code   RO         9013    i.pb_enc_fixed32    pb_encode.o
    0x0800d2ca   0x0800d2ca   0x00000006   Code   RO         9014    i.pb_enc_fixed64    pb_encode.o
    0x0800d2d0   0x0800d2d0   0x0000000c   Code   RO         9015    i.pb_enc_fixed_length_bytes  pb_encode.o
    0x0800d2dc   0x0800d2dc   0x0000003a   Code   RO         9016    i.pb_enc_string     pb_encode.o
    0x0800d316   0x0800d316   0x00000002   PAD
    0x0800d318   0x0800d318   0x00000034   Code   RO         9017    i.pb_enc_submessage  pb_encode.o
    0x0800d34c   0x0800d34c   0x00000054   Code   RO         9018    i.pb_enc_svarint    pb_encode.o
    0x0800d3a0   0x0800d3a0   0x00000054   Code   RO         9019    i.pb_enc_uvarint    pb_encode.o
    0x0800d3f4   0x0800d3f4   0x00000054   Code   RO         9020    i.pb_enc_varint     pb_encode.o
    0x0800d448   0x0800d448   0x00000070   Code   RO         9021    i.pb_encode         pb_encode.o
    0x0800d4b8   0x0800d4b8   0x00000024   Code   RO         9023    i.pb_encode_fixed32  pb_encode.o
    0x0800d4dc   0x0800d4dc   0x00000048   Code   RO         9024    i.pb_encode_fixed64  pb_encode.o
    0x0800d524   0x0800d524   0x00000022   Code   RO         9026    i.pb_encode_string  pb_encode.o
    0x0800d546   0x0800d546   0x00000002   PAD
    0x0800d548   0x0800d548   0x000000bc   Code   RO         9027    i.pb_encode_submessage  pb_encode.o
    0x0800d604   0x0800d604   0x00000014   Code   RO         9028    i.pb_encode_svarint  pb_encode.o
    0x0800d618   0x0800d618   0x0000000c   Code   RO         9029    i.pb_encode_tag     pb_encode.o
    0x0800d624   0x0800d624   0x00000050   Code   RO         9030    i.pb_encode_tag_for_field  pb_encode.o
    0x0800d674   0x0800d674   0x0000004c   Code   RO         9031    i.pb_encode_varint  pb_encode.o
    0x0800d6c0   0x0800d6c0   0x00000024   Code   RO         8776    i.pb_field_iter_begin  pb_common.o
    0x0800d6e4   0x0800d6e4   0x0000002e   Code   RO         8777    i.pb_field_iter_find  pb_common.o
    0x0800d712   0x0800d712   0x00000084   Code   RO         8778    i.pb_field_iter_next  pb_common.o
    0x0800d796   0x0800d796   0x000000b2   Code   RO         8830    i.pb_field_set_to_default  pb_decode.o
    0x0800d848   0x0800d848   0x00000014   Code   RO         8831    i.pb_istream_from_buffer  pb_decode.o
    0x0800d85c   0x0800d85c   0x00000018   Code   RO         8453    i.pb_istream_from_uart  aitestutility.o
    0x0800d874   0x0800d874   0x00000058   Code   RO         8832    i.pb_make_string_substream  pb_decode.o
    0x0800d8cc   0x0800d8cc   0x00000026   Code   RO         8833    i.pb_message_set_to_defaults  pb_decode.o
    0x0800d8f2   0x0800d8f2   0x00000002   PAD
    0x0800d8f4   0x0800d8f4   0x00000028   Code   RO         8454    i.pb_ostream_to_uart  aitestutility.o
    0x0800d91c   0x0800d91c   0x00000084   Code   RO         8834    i.pb_read           pb_decode.o
    0x0800d9a0   0x0800d9a0   0x0000004c   Code   RO         8835    i.pb_readbyte       pb_decode.o
    0x0800d9ec   0x0800d9ec   0x0000007c   Code   RO         8836    i.pb_skip_field     pb_decode.o
    0x0800da68   0x0800da68   0x00000054   Code   RO         9034    i.pb_write          pb_encode.o
    0x0800dabc   0x0800dabc   0x00000084   Code   RO         8455    i.read_callback     aitestutility.o
    0x0800db40   0x0800db40   0x00000030   Code   RO         8456    i.read_packet       aitestutility.o
    0x0800db70   0x0800db70   0x00000080   Code   RO         8837    i.read_raw_value    pb_decode.o
    0x0800dbf0   0x0800dbf0   0x00000006   Code   RO         8457    i.restoreInts       aitestutility.o
    0x0800dbf6   0x0800dbf6   0x000000be   Code   RO        10423    i.serialize_signature_buffer_  NetworkRuntime410_CM7_Keil.lib(core_utils.o)
    0x0800dcb4   0x0800dcb4   0x0000004c   Code   RO         8459    i.write_callback    aitestutility.o
    0x0800dd00   0x0800dd00   0x00000024   Code   RO         8460    i.write_packet      aitestutility.o
    0x0800dd24   0x0800dd24   0x00000008   Data   RO           22    .constdata          network.o
    0x0800dd2c   0x0800dd2c   0x00000008   Data   RO           23    .constdata          network.o
    0x0800dd34   0x0800dd34   0x00000008   Data   RO           24    .constdata          network.o
    0x0800dd3c   0x0800dd3c   0x00000008   Data   RO           25    .constdata          network.o
    0x0800dd44   0x0800dd44   0x00000008   Data   RO           26    .constdata          network.o
    0x0800dd4c   0x0800dd4c   0x00000008   Data   RO           27    .constdata          network.o
    0x0800dd54   0x0800dd54   0x00000074   Data   RO           28    .constdata          network.o
    0x0800ddc8   0x0800ddc8   0x00035c28   Data   RO          255    .constdata          network_data.o
    0x080439f0   0x080439f0   0x000000c0   Data   RO          653    .constdata          app_x-cube-ai.o
    0x08043ab0   0x08043ab0   0x0000c780   Data   RO         1141    .constdata          font57.o
    0x08050230   0x08050230   0x00000008   Data   RO         1858    .constdata          stm32f7xx_hal_dma.o
    0x08050238   0x08050238   0x00000010   Data   RO         7902    .constdata          system_stm32f7xx.o
    0x08050248   0x08050248   0x00000008   Data   RO         7903    .constdata          system_stm32f7xx.o
    0x08050250   0x08050250   0x00000024   Data   RO         8462    .constdata          aitestutility.o
    0x08050274   0x08050274   0x00000028   Data   RO         8838    .constdata          pb_decode.o
    0x0805029c   0x0805029c   0x00000028   Data   RO         9035    .constdata          pb_encode.o
    0x080502c4   0x080502c4   0x00000004   Data   RO         9177    .constdata          stm32msg.pb.o
    0x080502c8   0x080502c8   0x00000004   Data   RO         9178    .constdata          stm32msg.pb.o
    0x080502cc   0x080502cc   0x00000004   Data   RO         9179    .constdata          stm32msg.pb.o
    0x080502d0   0x080502d0   0x00000004   Data   RO         9180    .constdata          stm32msg.pb.o
    0x080502d4   0x080502d4   0x00000004   Data   RO         9181    .constdata          stm32msg.pb.o
    0x080502d8   0x080502d8   0x00000004   Data   RO         9182    .constdata          stm32msg.pb.o
    0x080502dc   0x080502dc   0x00000004   Data   RO         9183    .constdata          stm32msg.pb.o
    0x080502e0   0x080502e0   0x0000005a   Data   RO         9185    .constdata          stm32msg.pb.o
    0x0805033a   0x0805033a   0x00000078   Data   RO         9186    .constdata          stm32msg.pb.o
    0x080503b2   0x080503b2   0x0000013b   Data   RO         9187    .constdata          stm32msg.pb.o
    0x080504ed   0x080504ed   0x0000002d   Data   RO         9188    .constdata          stm32msg.pb.o
    0x0805051a   0x0805051a   0x0000002d   Data   RO         9189    .constdata          stm32msg.pb.o
    0x08050547   0x08050547   0x0000004b   Data   RO         9190    .constdata          stm32msg.pb.o
    0x08050592   0x08050592   0x0000002d   Data   RO         9191    .constdata          stm32msg.pb.o
    0x080505bf   0x080505bf   0x0000002d   Data   RO         9192    .constdata          stm32msg.pb.o
    0x080505ec   0x080505ec   0x0000004b   Data   RO         9193    .constdata          stm32msg.pb.o
    0x08050637   0x08050637   0x00000096   Data   RO         9194    .constdata          stm32msg.pb.o
    0x080506cd   0x080506cd   0x00001ab8   Data   RO         9482    .constdata          stm32746g_discovery_lcd.o
    0x08052185   0x08052185   0x00000003   PAD
    0x08052188   0x08052188   0x00000020   Data   RO        10066    .constdata          NetworkRuntime410_CM7_Keil.lib(ai_platform_interface.o)
    0x080521a8   0x080521a8   0x00000030   Data   RO        10570    .constdata          m_wm.l(expf.o)
    0x080521d8   0x080521d8   0x0000006c   Data   RO           29    .conststring        network.o
    0x08052244   0x08052244   0x00000020   Data   RO        11088    Region$$Table       anon$$obj.o


    Execution Region RW_IRAM1 (Exec base: 0x20000000, Load base: 0x08052264, Size: 0x00004710, Max: 0x00050000, ABSOLUTE, COMPRESSED[0x0000027c])

    Exec Addr    Load Addr    Size         Type   Attr      Idx    E Section Name        Object

    0x20000000   COMPRESSED   0x00000010   Data   RW           30    .data               network.o
    0x20000010   COMPRESSED   0x00000010   Data   RW           31    .data               network.o
    0x20000020   COMPRESSED   0x00000010   Data   RW           32    .data               network.o
    0x20000030   COMPRESSED   0x00000010   Data   RW           33    .data               network.o
    0x20000040   COMPRESSED   0x00000010   Data   RW           34    .data               network.o
    0x20000050   COMPRESSED   0x00000010   Data   RW           35    .data               network.o
    0x20000060   COMPRESSED   0x00000010   Data   RW           36    .data               network.o
    0x20000070   COMPRESSED   0x00000010   Data   RW           37    .data               network.o
    0x20000080   COMPRESSED   0x00000010   Data   RW           38    .data               network.o
    0x20000090   COMPRESSED   0x00000010   Data   RW           39    .data               network.o
    0x200000a0   COMPRESSED   0x00000010   Data   RW           40    .data               network.o
    0x200000b0   COMPRESSED   0x00000010   Data   RW           41    .data               network.o
    0x200000c0   COMPRESSED   0x00000010   Data   RW           42    .data               network.o
    0x200000d0   COMPRESSED   0x00000010   Data   RW           43    .data               network.o
    0x200000e0   COMPRESSED   0x00000010   Data   RW           44    .data               network.o
    0x200000f0   COMPRESSED   0x00000010   Data   RW           45    .data               network.o
    0x20000100   COMPRESSED   0x00000010   Data   RW           46    .data               network.o
    0x20000110   COMPRESSED   0x00000010   Data   RW           47    .data               network.o
    0x20000120   COMPRESSED   0x00000010   Data   RW           48    .data               network.o
    0x20000130   COMPRESSED   0x00000010   Data   RW           49    .data               network.o
    0x20000140   COMPRESSED   0x00000010   Data   RW           50    .data               network.o
    0x20000150   COMPRESSED   0x00000010   Data   RW           51    .data               network.o
    0x20000160   COMPRESSED   0x00000010   Data   RW           52    .data               network.o
    0x20000170   COMPRESSED   0x00000010   Data   RW           53    .data               network.o
    0x20000180   COMPRESSED   0x00000010   Data   RW           54    .data               network.o
    0x20000190   COMPRESSED   0x00000010   Data   RW           55    .data               network.o
    0x200001a0   COMPRESSED   0x00000010   Data   RW           56    .data               network.o
    0x200001b0   COMPRESSED   0x00000010   Data   RW           57    .data               network.o
    0x200001c0   COMPRESSED   0x00000004   Data   RW           58    .data               network.o
    0x200001c4   COMPRESSED   0x00000004   Data   RW           59    .data               network.o
    0x200001c8   COMPRESSED   0x00000008   Data   RW           60    .data               network.o
    0x200001d0   COMPRESSED   0x00000004   Data   RW           61    .data               network.o
    0x200001d4   COMPRESSED   0x00000030   Data   RW           62    .data               network.o
    0x20000204   COMPRESSED   0x00000004   Data   RW           63    .data               network.o
    0x20000208   COMPRESSED   0x00000004   Data   RW           64    .data               network.o
    0x2000020c   COMPRESSED   0x00000004   Data   RW           65    .data               network.o
    0x20000210   COMPRESSED   0x00000004   Data   RW           66    .data               network.o
    0x20000214   COMPRESSED   0x00000030   Data   RW           67    .data               network.o
    0x20000244   COMPRESSED   0x00000004   Data   RW           68    .data               network.o
    0x20000248   COMPRESSED   0x00000004   Data   RW           69    .data               network.o
    0x2000024c   COMPRESSED   0x00000008   Data   RW           70    .data               network.o
    0x20000254   COMPRESSED   0x00000004   Data   RW           71    .data               network.o
    0x20000258   COMPRESSED   0x00000030   Data   RW           72    .data               network.o
    0x20000288   COMPRESSED   0x00000004   Data   RW           73    .data               network.o
    0x2000028c   COMPRESSED   0x00000004   Data   RW           74    .data               network.o
    0x20000290   COMPRESSED   0x00000004   Data   RW           75    .data               network.o
    0x20000294   COMPRESSED   0x00000004   Data   RW           76    .data               network.o
    0x20000298   COMPRESSED   0x00000030   Data   RW           77    .data               network.o
    0x200002c8   COMPRESSED   0x00000004   Data   RW           78    .data               network.o
    0x200002cc   COMPRESSED   0x00000004   Data   RW           79    .data               network.o
    0x200002d0   COMPRESSED   0x00000008   Data   RW           80    .data               network.o
    0x200002d8   COMPRESSED   0x00000004   Data   RW           81    .data               network.o
    0x200002dc   COMPRESSED   0x00000030   Data   RW           82    .data               network.o
    0x2000030c   COMPRESSED   0x00000004   Data   RW           83    .data               network.o
    0x20000310   COMPRESSED   0x00000004   Data   RW           84    .data               network.o
    0x20000314   COMPRESSED   0x00000004   Data   RW           85    .data               network.o
    0x20000318   COMPRESSED   0x00000004   Data   RW           86    .data               network.o
    0x2000031c   COMPRESSED   0x00000030   Data   RW           87    .data               network.o
    0x2000034c   COMPRESSED   0x00000004   Data   RW           88    .data               network.o
    0x20000350   COMPRESSED   0x00000008   Data   RW           89    .data               network.o
    0x20000358   COMPRESSED   0x0000000c   Data   RW           90    .data               network.o
    0x20000364   COMPRESSED   0x00000004   Data   RW           91    .data               network.o
    0x20000368   COMPRESSED   0x00000008   Data   RW           92    .data               network.o
    0x20000370   COMPRESSED   0x0000000c   Data   RW           93    .data               network.o
    0x2000037c   COMPRESSED   0x00000018   Data   RW           94    .data               network.o
    0x20000394   COMPRESSED   0x00000128   Data   RW           95    .data               network.o
    0x200004bc   COMPRESSED   0x0000001c   Data   RW           96    .data               network.o
    0x200004d8   COMPRESSED   0x0000001c   Data   RW           97    .data               network.o
    0x200004f4   COMPRESSED   0x0000001c   Data   RW           98    .data               network.o
    0x20000510   COMPRESSED   0x0000001c   Data   RW           99    .data               network.o
    0x2000052c   COMPRESSED   0x0000001c   Data   RW          100    .data               network.o
    0x20000548   COMPRESSED   0x0000001c   Data   RW          101    .data               network.o
    0x20000564   COMPRESSED   0x0000001c   Data   RW          102    .data               network.o
    0x20000580   COMPRESSED   0x0000001c   Data   RW          103    .data               network.o
    0x2000059c   COMPRESSED   0x0000001c   Data   RW          104    .data               network.o
    0x200005b8   COMPRESSED   0x0000001c   Data   RW          105    .data               network.o
    0x200005d4   COMPRESSED   0x0000001c   Data   RW          106    .data               network.o
    0x200005f0   COMPRESSED   0x0000001c   Data   RW          107    .data               network.o
    0x2000060c   COMPRESSED   0x0000001c   Data   RW          108    .data               network.o
    0x20000628   COMPRESSED   0x0000001c   Data   RW          109    .data               network.o
    0x20000644   COMPRESSED   0x00000018   Data   RW          110    .data               network.o
    0x2000065c   COMPRESSED   0x0000001c   Data   RW          111    .data               network.o
    0x20000678   COMPRESSED   0x00000018   Data   RW          112    .data               network.o
    0x20000690   COMPRESSED   0x0000001c   Data   RW          113    .data               network.o
    0x200006ac   COMPRESSED   0x00000018   Data   RW          114    .data               network.o
    0x200006c4   COMPRESSED   0x0000001c   Data   RW          115    .data               network.o
    0x200006e0   COMPRESSED   0x00000004   Data   RW          655    .data               app_x-cube-ai.o
    0x200006e4   COMPRESSED   0x0000000c   Data   RW          901    .data               stm32f7xx_hal_msp.o
    0x200006f0   COMPRESSED   0x00000008   Data   RW         1142    .data               font57.o
    0x200006f8   COMPRESSED   0x0000000c   Data   RW         2370    .data               stm32f7xx_hal.o
    0x20000704   COMPRESSED   0x00000004   Data   RW         7904    .data               system_stm32f7xx.o
    0x20000708   COMPRESSED   0x0000000c   Data   RW         8463    .data               aitestutility.o
    0x20000714   COMPRESSED   0x0000003c   Data   RW         8659    .data               aivalidation.o
    0x20000750   COMPRESSED   0x0000000c   Data   RW         9487    .data               stm32746g_discovery_lcd.o
    0x2000075c   COMPRESSED   0x00000002   Data   RW         9817    .data               stm32746g_discovery_sdram.o
    0x2000075e   COMPRESSED   0x00000002   PAD
    0x20000760   COMPRESSED   0x0000000c   Data   RW         9897    .data               stm32746g_discovery_ts.o
    0x2000076c   COMPRESSED   0x00000028   Data   RW         9967    .data               ft5336.o
    0x20000794   COMPRESSED   0x00000005   Data   RW         9968    .data               ft5336.o
    0x20000799   COMPRESSED   0x00000003   PAD
    0x2000079c   COMPRESSED   0x00000004   Data   RW        10405    .data               NetworkRuntime410_CM7_Keil.lib(core_net_inspect.o)
    0x200007a0   COMPRESSED   0x00000001   Data   RW        10442    .data               NetworkRuntime410_CM7_Keil.lib(core_benchmark.o)
    0x200007a1   COMPRESSED   0x00000003   PAD
    0x200007a4   COMPRESSED   0x00000004   Data   RW        11049    .data               mc_w.l(stdout.o)
    0x200007a8   COMPRESSED   0x00000004   Data   RW        11054    .data               mc_w.l(mvars.o)
    0x200007ac   COMPRESSED   0x00000004   Data   RW        11055    .data               mc_w.l(mvars.o)
    0x200007b0   COMPRESSED   0x00000004   Data   RW        11059    .data               mc_w.l(errno.o)
    0x200007b4        -       0x00000018   Zero   RW           18    .bss                network.o
    0x200007cc        -       0x00000010   Zero   RW           19    .bss                network.o
    0x200007dc        -       0x00000018   Zero   RW           20    .bss                network.o
    0x200007f4        -       0x00000010   Zero   RW           21    .bss                network.o
    0x20000804        -       0x000016f0   Zero   RW          300    .bss                main.o
    0x20001ef4        -       0x00000038   Zero   RW          651    .bss                app_x-cube-ai.o
    0x20001f2c        -       0x00000200   Zero   RW          652    .bss                app_x-cube-ai.o
    0x2000212c        -       0x00000040   Zero   RW         1108    .bss                stm32f7xx_hal_timebase_tim.o
    0x2000216c        -       0x00000274   Zero   RW         8301    .bss                aipbmgr.o
    0x200023e0        -       0x00000042   Zero   RW         8461    .bss                aitestutility.o
    0x20002422   COMPRESSED   0x00000006   PAD
    0x20002428        -       0x00000f60   Zero   RW         8656    .bss                aivalidation.o
    0x20003388        -       0x00000098   Zero   RW         9242    .bss                stm32746g_discovery.o
    0x20003420        -       0x00000184   Zero   RW         9481    .bss                stm32746g_discovery_lcd.o
    0x200035a4        -       0x00000120   Zero   RW         9816    .bss                stm32746g_discovery_sdram.o
    0x200036c4        -       0x00000028   Zero   RW         9896    .bss                stm32746g_discovery_ts.o
    0x200036ec        -       0x00000024   Zero   RW        10287    .bss                NetworkRuntime410_CM7_Keil.lib(ai_network_inspector.o)
    0x20003710        -       0x00000800   Zero   RW            2    HEAP                startup_stm32f746xx.o
    0x20003f10        -       0x00000800   Zero   RW            1    STACK               startup_stm32f746xx.o


==============================================================================

Image component sizes


      Code (inc. data)   RO Data    RW Data    ZI Data      Debug   Object Name

      1346         70          0          0        628      35562   aipbmgr.o
      1698        788         36         12         66      30778   aitestutility.o
       956         54          0         60       3936      19170   aivalidation.o
       282         22        192          4        568      14111   app_x-cube-ai.o
         0          0      51072          8          0       1042   font57.o
       716         38          0         45          0      15411   ft5336.o
      3544        310          0          0       5872    1029073   main.o
       378         34        272       1760         80      47782   network.o
         8          4     220200          0          0       8642   network_data.o
       214          0          0          0          0       3148   pb_common.o
      3600        638         40          0          0      38995   pb_decode.o
      2000        316         40          0          0      28810   pb_encode.o
        36          8        456          0       4096        808   startup_stm32f746xx.o
       562         60          0          0        152       7396   stm32746g_discovery.o
      2338        220       6840         12        388      22435   stm32746g_discovery_lcd.o
       620         56          0          2        288       4184   stm32746g_discovery_sdram.o
       520         22          0         12         40       3375   stm32746g_discovery_ts.o
       122         28          0         12          0       9684   stm32f7xx_hal.o
       752         32          0          0          0       2747   stm32f7xx_hal_adc.o
       160         12          0          0          0      38058   stm32f7xx_hal_cortex.o
       120          6          0          0          0       1107   stm32f7xx_hal_crc.o
        78          0          0          0          0       1219   stm32f7xx_hal_crc_ex.o
       140          6          0          0          0       1092   stm32f7xx_hal_dcmi.o
       450         12          8          0          0       3540   stm32f7xx_hal_dma.o
      1006          4          0          0          0       7004   stm32f7xx_hal_dma2d.o
       870        102          0          0          0       3434   stm32f7xx_hal_gpio.o
      1860          6          0          0          0       9445   stm32f7xx_hal_hcd.o
      1606         38          0          0          0      12682   stm32f7xx_hal_i2c.o
       172          0          0          0          0       1879   stm32f7xx_hal_i2c_ex.o
      1006          6          0          0          0       5958   stm32f7xx_hal_ltdc.o
      2816        376          0         12          0      14978   stm32f7xx_hal_msp.o
        16          4          0          0          0        519   stm32f7xx_hal_pwr.o
       108          8          0          0          0       1212   stm32f7xx_hal_pwr_ex.o
       264          8          0          0          0       2662   stm32f7xx_hal_qspi.o
      1364         82          0          0          0       6053   stm32f7xx_hal_rcc.o
      1564         36          0          0          0       3233   stm32f7xx_hal_rcc_ex.o
      1096         14          0          0          0       6455   stm32f7xx_hal_rtc.o
        90          0          0          0          0       1217   stm32f7xx_hal_rtc_ex.o
       552         22          0          0          0       2471   stm32f7xx_hal_sai.o
      1538          0          0          0          0       8140   stm32f7xx_hal_sd.o
       148          0          0          0          0       2608   stm32f7xx_hal_sdram.o
       116          4          0          0          0       1251   stm32f7xx_hal_spdifrx.o
       196          0          0          0          0       1207   stm32f7xx_hal_spi.o
      1990        134          0          0          0      15588   stm32f7xx_hal_tim.o
       262         18          0          0          0       3792   stm32f7xx_hal_tim_ex.o
       116         16          0          0         64       1319   stm32f7xx_hal_timebase_tim.o
      1472         70          0          0          0       7300   stm32f7xx_hal_uart.o
        64         24          0          0          0       5123   stm32f7xx_it.o
       278          6          0          0          0       3240   stm32f7xx_ll_fmc.o
      1314         36          0          0          0      17068   stm32f7xx_ll_sdmmc.o
       832         40          0          0          0      10560   stm32f7xx_ll_usb.o
         0          0       1033          0          0      10361   stm32msg.pb.o
        84         16         24          4          0       1143   system_stm32f7xx.o

    ----------------------------------------------------------------------
     43534       3806     280248       1948      16184    1536071   Object Totals
         0          0         32          0          0          0   (incl. Generated)
        94          0          3          5          6          0   (incl. Padding)

    ----------------------------------------------------------------------

      Code (inc. data)   RO Data    RW Data    ZI Data      Debug   Library Member Name

       304         34          0          0          0        256   ai_datatypes_format.o
       460          4          0          0         36       1032   ai_network_inspector.o
      1842         90         32          0          0       2432   ai_platform_interface.o
       118         10          0          1          0        724   core_benchmark.o
        42          0          0          0          0        348   core_common.o
        76          0          0          0          0        480   core_mem_manager.o
      2304         38          0          4          0       1480   core_net_inspect.o
       348          0          0          0          0        396   core_utils.o
       532        296          0          0          0        612   layers.o
       828         18          0          0          0        408   layers_conv2d_generic_float.o
       812         22          0          0          0       1068   layers_nl_generic_float.o
       488         62         48          0          0        236   expf.o
        38          0          0          0          0        116   fpclassifyf.o
        38         12          0          0          0        348   funder.o
        86          0          0          0          0          0   __dczerorl2.o
         0          0          0          0          0          0   entry.o
         0          0          0          0          0          0   entry10a.o
         0          0          0          0          0          0   entry11a.o
         8          4          0          0          0          0   entry2.o
         4          0          0          0          0          0   entry5.o
         0          0          0          0          0          0   entry7b.o
         0          0          0          0          0          0   entry8b.o
         8          4          0          0          0          0   entry9a.o
        12          6          0          4          0         68   errno.o
        30          0          0          0          0          0   handlers.o
        36          8          0          0          0         68   init.o
         0          0          0          0          0          0   iusefp.o
        30          0          0          0          0         68   llshl.o
        36          0          0          0          0         68   llsshr.o
        32          0          0          0          0         68   llushr.o
       252         24          0          0          0        252   mallocr.o
        26          0          0          0          0         80   memcmp.o
        36          0          0          0          0         68   memcpya.o
        36          0          0          0          0        108   memseta.o
         0          0          0          8          0          0   mvars.o
      2308         96          0          0          0        604   printfa.o
         0          0          0          4          0          0   stdout.o
        14          0          0          0          0         68   strlen.o
        30          0          0          0          0         80   strncmp.o
        44          0          0          0          0         80   uidiv.o
        98          0          0          0          0         92   uldiv.o
        48          0          0          0          0         68   cdrcmple.o
       334          0          0          0          0        148   dadd.o
       222          0          0          0          0        100   ddiv.o
       186          0          0          0          0        176   depilogue.o
        48          0          0          0          0         68   dfixul.o
       228          0          0          0          0         96   dmul.o
        38          0          0          0          0         68   f2d.o
       110          0          0          0          0        168   fepilogue.o
        28          0          0          0          0         84   ffltul.o

    ----------------------------------------------------------------------
     12622        728         80         24         36      12684   Library Totals
        24          0          0          3          0          0   (incl. Padding)

    ----------------------------------------------------------------------

      Code (inc. data)   RO Data    RW Data    ZI Data      Debug   Library Name

      7666        512         32          5         36       9236   NetworkRuntime410_CM7_Keil.lib
       564         74         48          0          0        700   m_wm.l
      3126        142          0         16          0       1772   mc_w.l
      1242          0          0          0          0        976   mf_w.l

    ----------------------------------------------------------------------
     12622        728         80         24         36      12684   Library Totals

    ----------------------------------------------------------------------

==============================================================================


      Code (inc. data)   RO Data    RW Data    ZI Data      Debug   

     56156       4534     280328       1972      16220    1500583   Grand Totals
     56156       4534     280328        636      16220    1500583   ELF Image Totals (compressed)
     56156       4534     280328        636          0          0   ROM Totals

==============================================================================

    Total RO  Size (Code + RO Data)               336484 ( 328.60kB)
    Total RW  Size (RW Data + ZI Data)             18192 (  17.77kB)
    Total ROM Size (Code + RO Data + RW Data)     337120 ( 329.22kB)

==============================================================================

